Archive member included to satisfy reference by file (symbol)

lib/LCD/libLCD.a(LCD_0in96.c.obj)
                              CMakeFiles/main.dir/main.c.obj (LCD_0IN96_Init)
lib/GUI/libGUI.a(GUI_Paint.c.obj)
                              CMakeFiles/main.dir/main.c.obj (Paint_NewImage)
lib/Config/libConfig.a(DEV_Config.c.obj)
                              lib/LCD/libLCD.a(LCD_0in96.c.obj) (DEV_Digital_Write)
lib/FFT/libFFT.a(kiss_fft.c.obj)
                              CMakeFiles/main.dir/main.c.obj (kiss_fft_alloc)
/usr/lib/gcc/arm-none-eabi/9.2.1/thumb/v6-m/nofp/libgcc.a(_dvmd_tls.o)
                              CMakeFiles/main.dir/home/ige/pico/pico-sdk/src/rp2_common/pico_divider/divider.S.obj (__aeabi_idiv0)
/usr/lib/gcc/arm-none-eabi/9.2.1/../../../arm-none-eabi/lib/thumb/v6-m/nofp/libc.a(lib_a-atexit.o)
                              /usr/lib/gcc/arm-none-eabi/9.2.1/../../../arm-none-eabi/lib/thumb/v6-m/nofp/crt0.o (atexit)
/usr/lib/gcc/arm-none-eabi/9.2.1/../../../arm-none-eabi/lib/thumb/v6-m/nofp/libc.a(lib_a-calloc.o)
                              CMakeFiles/main.dir/home/ige/pico/pico-sdk/src/rp2_common/pico_malloc/pico_malloc.c.obj (calloc)
/usr/lib/gcc/arm-none-eabi/9.2.1/../../../arm-none-eabi/lib/thumb/v6-m/nofp/libc.a(lib_a-callocr.o)
                              /usr/lib/gcc/arm-none-eabi/9.2.1/../../../arm-none-eabi/lib/thumb/v6-m/nofp/libc.a(lib_a-calloc.o) (_calloc_r)
/usr/lib/gcc/arm-none-eabi/9.2.1/../../../arm-none-eabi/lib/thumb/v6-m/nofp/libc.a(lib_a-fini.o)
                              /usr/lib/gcc/arm-none-eabi/9.2.1/../../../arm-none-eabi/lib/thumb/v6-m/nofp/crt0.o (__libc_fini_array)
/usr/lib/gcc/arm-none-eabi/9.2.1/../../../arm-none-eabi/lib/thumb/v6-m/nofp/libc.a(lib_a-impure.o)
                              /usr/lib/gcc/arm-none-eabi/9.2.1/../../../arm-none-eabi/lib/thumb/v6-m/nofp/libc.a(lib_a-calloc.o) (_impure_ptr)
/usr/lib/gcc/arm-none-eabi/9.2.1/../../../arm-none-eabi/lib/thumb/v6-m/nofp/libc.a(lib_a-init.o)
                              /usr/lib/gcc/arm-none-eabi/9.2.1/../../../arm-none-eabi/lib/thumb/v6-m/nofp/crt0.o (__libc_init_array)
/usr/lib/gcc/arm-none-eabi/9.2.1/../../../arm-none-eabi/lib/thumb/v6-m/nofp/libc.a(lib_a-malloc.o)
                              CMakeFiles/main.dir/home/ige/pico/pico-sdk/src/rp2_common/pico_malloc/pico_malloc.c.obj (malloc)
/usr/lib/gcc/arm-none-eabi/9.2.1/../../../arm-none-eabi/lib/thumb/v6-m/nofp/libc.a(lib_a-mallocr.o)
                              /usr/lib/gcc/arm-none-eabi/9.2.1/../../../arm-none-eabi/lib/thumb/v6-m/nofp/libc.a(lib_a-callocr.o) (_malloc_r)
/usr/lib/gcc/arm-none-eabi/9.2.1/../../../arm-none-eabi/lib/thumb/v6-m/nofp/libc.a(lib_a-mlock.o)
                              /usr/lib/gcc/arm-none-eabi/9.2.1/../../../arm-none-eabi/lib/thumb/v6-m/nofp/libc.a(lib_a-mallocr.o) (__malloc_lock)
/usr/lib/gcc/arm-none-eabi/9.2.1/../../../arm-none-eabi/lib/thumb/v6-m/nofp/libc.a(lib_a-sbrkr.o)
                              /usr/lib/gcc/arm-none-eabi/9.2.1/../../../arm-none-eabi/lib/thumb/v6-m/nofp/libc.a(lib_a-mallocr.o) (_sbrk_r)
/usr/lib/gcc/arm-none-eabi/9.2.1/../../../arm-none-eabi/lib/thumb/v6-m/nofp/libc.a(lib_a-strlen-stub.o)
                              CMakeFiles/main.dir/home/ige/pico/pico-sdk/src/rp2_common/pico_stdio/stdio.c.obj (strlen)
/usr/lib/gcc/arm-none-eabi/9.2.1/../../../arm-none-eabi/lib/thumb/v6-m/nofp/libc.a(lib_a-__atexit.o)
                              /usr/lib/gcc/arm-none-eabi/9.2.1/../../../arm-none-eabi/lib/thumb/v6-m/nofp/libc.a(lib_a-atexit.o) (__register_exitproc)
/usr/lib/gcc/arm-none-eabi/9.2.1/../../../arm-none-eabi/lib/thumb/v6-m/nofp/libc.a(lib_a-freer.o)
                              /usr/lib/gcc/arm-none-eabi/9.2.1/../../../arm-none-eabi/lib/thumb/v6-m/nofp/libc.a(lib_a-malloc.o) (_free_r)
/usr/lib/gcc/arm-none-eabi/9.2.1/../../../arm-none-eabi/lib/thumb/v6-m/nofp/libc.a(lib_a-reent.o)
                              /usr/lib/gcc/arm-none-eabi/9.2.1/../../../arm-none-eabi/lib/thumb/v6-m/nofp/libc.a(lib_a-sbrkr.o) (errno)

Allocating common symbols
Common symbol       size              file

sf_table            0x100             CMakeFiles/main.dir/home/ige/pico/pico-sdk/src/rp2_common/pico_float/float_init_rom.c.obj
errno               0x4               /usr/lib/gcc/arm-none-eabi/9.2.1/../../../arm-none-eabi/lib/thumb/v6-m/nofp/libc.a(lib_a-reent.o)
_usbd_qdef_buf      0xc0              CMakeFiles/main.dir/home/ige/pico/pico-sdk/lib/tinyusb/src/device/usbd.c.obj
Paint               0x18              lib/GUI/libGUI.a(GUI_Paint.c.obj)
dma_chan            0x4               CMakeFiles/main.dir/main.c.obj
slice_num           0x4               lib/Config/libConfig.a(DEV_Config.c.obj)
cfg                 0x4               CMakeFiles/main.dir/main.c.obj
LCD_0IN96           0x6               lib/LCD/libLCD.a(LCD_0in96.c.obj)
sd_table            0x100             CMakeFiles/main.dir/home/ige/pico/pico-sdk/src/rp2_common/pico_double/double_init_rom.c.obj
uart_char_to_line_feed
[...]
Memory Configuration

Name             Origin             Length             Attributes
FLASH            0x0000000010000000 0x0000000000200000 xr
RAM              0x0000000020000000 0x0000000000040000 xrw
SCRATCH_X        0x0000000020040000 0x0000000000001000 xrw
SCRATCH_Y        0x0000000020041000 0x0000000000001000 xrw
*default*        0x0000000000000000 0xffffffffffffffff

Linker script and memory map

LOAD /usr/lib/gcc/arm-none-eabi/9.2.1/thumb/v6-m/nofp/crti.o
LOAD /usr/lib/gcc/arm-none-eabi/9.2.1/thumb/v6-m/nofp/crtbegin.o
LOAD /usr/lib/gcc/arm-none-eabi/9.2.1/../../../arm-none-eabi/lib/thumb/v6-m/nofp/crt0.o

.flash_begin    0x0000000010000000        0x0
                0x0000000010000000                __flash_binary_start = .

.boot2          0x0000000010000000      0x100
                0x0000000010000000                __boot2_start__ = .
 *(.boot2)
 .boot2         0x0000000010000000      0x100 /tmp/ccqvmfvN.o
                0x0000000010000100                __boot2_end__ = .
                0x0000000000000001                ASSERT (((__boot2_end__ - __boot2_start__) == 0x100), ERROR: Pico second stage bootloader must be 256 bytes in size)

.text           0x0000000010000100     0xa7d0
                0x0000000010000100                __logical_binary_start = .
 *(.vectors)
 .vectors       0x0000000010000100       0xd4 CMakeFiles/main.dir/home/ige/pico/pico-sdk/src/rp2_common/pico_standard_link/crt0.S.obj
                0x0000000010000100                __vectors
                0x0000000010000100                __VECTOR_TABLE
                0x00000000100001c0                isr_invalid
                0x00000000100001c0                __default_isrs_start
                0x00000000100001c2                isr_nmi
                0x00000000100001c4                isr_hardfault
                0x00000000100001c6                isr_svcall
                0x00000000100001c8                isr_pendsv
                0x00000000100001ca                isr_systick
                0x00000000100001cc                isr_irq30
                0x00000000100001cc                __unhandled_user_irq
                0x00000000100001cc                isr_irq13
                0x00000000100001cc                isr_irq27
                0x00000000100001cc                isr_irq31
                0x00000000100001cc                isr_irq5
                0x00000000100001cc                isr_irq11
                0x00000000100001cc                isr_irq23
                0x00000000100001cc                isr_irq18
                0x00000000100001cc                isr_irq28
                0x00000000100001cc                isr_irq19
                0x00000000100001cc                isr_irq0
                0x00000000100001cc                isr_irq6
                0x00000000100001cc                isr_irq22
                0x00000000100001cc                isr_irq17
                0x00000000100001cc                isr_irq14
                0x00000000100001cc                isr_irq2
                0x00000000100001cc                isr_irq10
                0x00000000100001cc                isr_irq8
                0x00000000100001cc                isr_irq24
                0x00000000100001cc                isr_irq1
                0x00000000100001cc                isr_irq7
                0x00000000100001cc                isr_irq21
                0x00000000100001cc                isr_irq20
                0x00000000100001cc                isr_irq15
                0x00000000100001cc                isr_irq25
                0x00000000100001cc                isr_irq4
                0x00000000100001cc                isr_irq16
                0x00000000100001cc                isr_irq29
                0x00000000100001cc                isr_irq26
                0x00000000100001cc                __default_isrs_end
                0x00000000100001cc                isr_irq3
                0x00000000100001cc                isr_irq12
                0x00000000100001cc                isr_irq9
                0x00000000100001d2                unhandled_user_irq_num_in_r0
 *(.binary_info_header)
 .binary_info_header
                0x00000000100001d4       0x14 CMakeFiles/main.dir/home/ige/pico/pico-sdk/src/rp2_common/pico_standard_link/crt0.S.obj
                0x00000000100001e8                __binary_info_header_end = .
 *(.reset)
 .reset         0x00000000100001e8       0xa8 CMakeFiles/main.dir/home/ige/pico/pico-sdk/src/rp2_common/pico_standard_link/crt0.S.obj
                0x00000000100001e8                _entry_point
                0x0000000010000266                __get_current_exception
 .reset         0x0000000010000290       0x30 CMakeFiles/main.dir/home/ige/pico/pico-sdk/src/rp2_common/pico_standard_link/binary_info.c.obj
 *(.init)
 .init          0x00000000100002c0        0x4 /usr/lib/gcc/arm-none-eabi/9.2.1/thumb/v6-m/nofp/crti.o
                0x00000000100002c0                _init
 *(EXCLUDE_FILE(*libm.a: *libc.a:*lib_a-mem*.o *libgcc.a:) .text*)
 .text          0x00000000100002c4       0x98 /usr/lib/gcc/arm-none-eabi/9.2.1/thumb/v6-m/nofp/crtbegin.o
 .text.setup    0x000000001000035c       0xb0 CMakeFiles/main.dir/main.c.obj
                0x000000001000035c                setup
 .text.startup.main
                0x000000001000040c      0x258 CMakeFiles/main.dir/main.c.obj
                0x000000001000040c                main
 .text.gpio_set_function
                0x0000000010000664       0x30 CMakeFiles/main.dir/home/ige/pico/pico-sdk/src/rp2_common/hardware_gpio/gpio.c.obj
                0x0000000010000664                gpio_set_function
 .text.gpio_set_pulls
                0x0000000010000694       0x30 CMakeFiles/main.dir/home/ige/pico/pico-sdk/src/rp2_common/hardware_gpio/gpio.c.obj
                0x0000000010000694                gpio_set_pulls
 .text.gpio_set_input_enabled
                0x00000000100006c4       0x28 CMakeFiles/main.dir/home/ige/pico/pico-sdk/src/rp2_common/hardware_gpio/gpio.c.obj
                0x00000000100006c4                gpio_set_input_enabled
 .text.gpio_init
                0x00000000100006ec       0x3c CMakeFiles/main.dir/home/ige/pico/pico-sdk/src/rp2_common/hardware_gpio/gpio.c.obj
                0x00000000100006ec                gpio_init
 .text.hw_claim_or_assert
                0x0000000010000728       0x48 CMakeFiles/main.dir/home/ige/pico/pico-sdk/src/rp2_common/hardware_claim/claim.c.obj
                0x0000000010000728                hw_claim_or_assert
 .text.hw_claim_unused_from_range
                0x0000000010000770       0x9c CMakeFiles/main.dir/home/ige/pico/pico-sdk/src/rp2_common/hardware_claim/claim.c.obj
                0x0000000010000770                hw_claim_unused_from_range
 .text.running_on_fpga
                0x000000001000080c       0x10 CMakeFiles/main.dir/home/ige/pico/pico-sdk/src/rp2_common/pico_platform/platform.c.obj
                0x000000001000080c                running_on_fpga
 .text.spin_locks_reset
                0x000000001000081c       0x1c CMakeFiles/main.dir/home/ige/pico/pico-sdk/src/rp2_common/hardware_sync/sync.c.obj
                0x000000001000081c                spin_locks_reset
 .text.next_striped_spin_lock_num
                0x0000000010000838       0x18 CMakeFiles/main.dir/home/ige/pico/pico-sdk/src/rp2_common/hardware_sync/sync.c.obj
                0x0000000010000838                next_striped_spin_lock_num
 .text.spin_lock_claim_unused
                0x0000000010000850       0x20 CMakeFiles/main.dir/home/ige/pico/pico-sdk/src/rp2_common/hardware_sync/sync.c.obj
                0x0000000010000850                spin_lock_claim_unused
 .text.uart_init
                0x0000000010000870       0xe4 CMakeFiles/main.dir/home/ige/pico/pico-sdk/src/rp2_common/hardware_uart/uart.c.obj
                0x0000000010000870                uart_init
 .text.timer_pool_entry_comparator
                0x0000000010000954       0x34 CMakeFiles/main.dir/home/ige/pico/pico-sdk/src/common/pico_time/time.c.obj
                0x0000000010000954                timer_pool_entry_comparator
 .text.sleep_until_callback
                0x0000000010000988       0x30 CMakeFiles/main.dir/home/ige/pico/pico-sdk/src/common/pico_time/time.c.obj
 .text.alarm_pool_add_alarm_at.constprop.0
                0x00000000100009b8      0x128 CMakeFiles/main.dir/home/ige/pico/pico-sdk/src/common/pico_time/time.c.obj
 .text.add_alarm_under_lock
                0x0000000010000ae0      0x108 CMakeFiles/main.dir/home/ige/pico/pico-sdk/src/common/pico_time/time.c.obj
 .text.alarm_pool_alarm_callback
                0x0000000010000be8      0x1c8 CMakeFiles/main.dir/home/ige/pico/pico-sdk/src/common/pico_time/time.c.obj
 .text.alarm_pool_init_default
                0x0000000010000db0       0x64 CMakeFiles/main.dir/home/ige/pico/pico-sdk/src/common/pico_time/time.c.obj
                0x0000000010000db0                alarm_pool_init_default
 .text.alarm_pool_get_default
                0x0000000010000e14        0x8 CMakeFiles/main.dir/home/ige/pico/pico-sdk/src/common/pico_time/time.c.obj
                0x0000000010000e14                alarm_pool_get_default
 .text.alarm_pool_add_alarm_at
                0x0000000010000e1c      0x1ac CMakeFiles/main.dir/home/ige/pico/pico-sdk/src/common/pico_time/time.c.obj
                0x0000000010000e1c                alarm_pool_add_alarm_at
 .text.sleep_until
                0x0000000010000fc8       0xac CMakeFiles/main.dir/home/ige/pico/pico-sdk/src/common/pico_time/time.c.obj
                0x0000000010000fc8                sleep_until
 .text.sleep_ms
                0x0000000010001074       0x38 CMakeFiles/main.dir/home/ige/pico/pico-sdk/src/common/pico_time/time.c.obj
                0x0000000010001074                sleep_ms
 .text.best_effort_wfe_or_timeout
                0x00000000100010ac       0xd4 CMakeFiles/main.dir/home/ige/pico/pico-sdk/src/common/pico_time/time.c.obj
                0x00000000100010ac                best_effort_wfe_or_timeout
 .text.hardware_alarm_irq_handler
                0x0000000010001180       0xb8 CMakeFiles/main.dir/home/ige/pico/pico-sdk/src/rp2_common/hardware_timer/timer.c.obj
 .text.hardware_alarm_claim
                0x0000000010001238       0x18 CMakeFiles/main.dir/home/ige/pico/pico-sdk/src/rp2_common/hardware_timer/timer.c.obj
                0x0000000010001238                hardware_alarm_claim
 .text.time_us_64
                0x0000000010001250       0x14 CMakeFiles/main.dir/home/ige/pico/pico-sdk/src/rp2_common/hardware_timer/timer.c.obj
                0x0000000010001250                time_us_64
 .text.busy_wait_until
                0x0000000010001264       0x20 CMakeFiles/main.dir/home/ige/pico/pico-sdk/src/rp2_common/hardware_timer/timer.c.obj
                0x0000000010001264                busy_wait_until
 .text.hardware_alarm_set_callback
                0x0000000010001284       0x8c CMakeFiles/main.dir/home/ige/pico/pico-sdk/src/rp2_common/hardware_timer/timer.c.obj
                0x0000000010001284                hardware_alarm_set_callback
 .text.hardware_alarm_set_target
                0x0000000010001310       0xe4 CMakeFiles/main.dir/home/ige/pico/pico-sdk/src/rp2_common/hardware_timer/timer.c.obj
                0x0000000010001310                hardware_alarm_set_target
 .text.hardware_alarm_cancel
                0x00000000100013f4       0x40 CMakeFiles/main.dir/home/ige/pico/pico-sdk/src/rp2_common/hardware_timer/timer.c.obj
                0x00000000100013f4                hardware_alarm_cancel
 .text.lock_init
                0x0000000010001434       0x10 CMakeFiles/main.dir/home/ige/pico/pico-sdk/src/common/pico_sync/lock_core.c.obj
                0x0000000010001434                lock_init
 .text.mutex_init
                0x0000000010001444       0x1c CMakeFiles/main.dir/home/ige/pico/pico-sdk/src/common/pico_sync/mutex.c.obj
                0x0000000010001444                mutex_init
 .text.recursive_mutex_init
                0x0000000010001460       0x1c CMakeFiles/main.dir/home/ige/pico/pico-sdk/src/common/pico_sync/mutex.c.obj
                0x0000000010001460                recursive_mutex_init
 .text.critical_section_init
                0x000000001000147c       0x1c CMakeFiles/main.dir/home/ige/pico/pico-sdk/src/common/pico_sync/critical_section.c.obj
                0x000000001000147c                critical_section_init
 .text.ph_merge_nodes
                0x0000000010001498       0x68 CMakeFiles/main.dir/home/ige/pico/pico-sdk/src/common/pico_util/pheap.c.obj
 .text.ph_post_alloc_init
                0x0000000010001500       0x3c CMakeFiles/main.dir/home/ige/pico/pico-sdk/src/common/pico_util/pheap.c.obj
                0x0000000010001500                ph_post_alloc_init
 .text.ph_merge_two_pass
                0x000000001000153c       0x90 CMakeFiles/main.dir/home/ige/pico/pico-sdk/src/common/pico_util/pheap.c.obj
                0x000000001000153c                ph_merge_two_pass
 .text.ph_remove_any_head
                0x00000000100015cc       0xf8 CMakeFiles/main.dir/home/ige/pico/pico-sdk/src/common/pico_util/pheap.c.obj
 .text.ph_remove_head
                0x00000000100016c4      0x13c CMakeFiles/main.dir/home/ige/pico/pico-sdk/src/common/pico_util/pheap.c.obj
                0x00000000100016c4                ph_remove_head
 .text.ph_remove_and_free_node
                0x0000000010001800       0x7c CMakeFiles/main.dir/home/ige/pico/pico-sdk/src/common/pico_util/pheap.c.obj
                0x0000000010001800                ph_remove_and_free_node
 .text.runtime_init
                0x000000001000187c       0xf0 CMakeFiles/main.dir/home/ige/pico/pico-sdk/src/rp2_common/pico_runtime/runtime.c.obj
                0x000000001000187c                runtime_init
 .text._sbrk    0x000000001000196c       0x34 CMakeFiles/main.dir/home/ige/pico/pico-sdk/src/rp2_common/pico_runtime/runtime.c.obj
                0x000000001000196c                _sbrk
 .text.exit     0x00000000100019a0        0x4 CMakeFiles/main.dir/home/ige/pico/pico-sdk/src/rp2_common/pico_runtime/runtime.c.obj
                0x00000000100019a0                exit
 .text.panic    0x00000000100019a4       0x30 CMakeFiles/main.dir/home/ige/pico/pico-sdk/src/rp2_common/pico_runtime/runtime.c.obj
                0x00000000100019a4                panic
 .text.hard_assertion_failure
                0x00000000100019d4        0xc CMakeFiles/main.dir/home/ige/pico/pico-sdk/src/rp2_common/pico_runtime/runtime.c.obj
                0x00000000100019d4                hard_assertion_failure
 .text.clocks_init
                0x00000000100019e0      0x2bc CMakeFiles/main.dir/home/ige/pico/pico-sdk/src/rp2_common/hardware_clocks/clocks.c.obj
                0x00000000100019e0                clocks_init
 .text.clock_get_hz
                0x0000000010001c9c        0xc CMakeFiles/main.dir/home/ige/pico/pico-sdk/src/rp2_common/hardware_clocks/clocks.c.obj
                0x0000000010001c9c                clock_get_hz
 .text.irq_set_enabled
                0x0000000010001ca8       0x24 CMakeFiles/main.dir/home/ige/pico/pico-sdk/src/rp2_common/hardware_irq/irq.c.obj
                0x0000000010001ca8                irq_set_enabled
 .text.irq_set_pending
                0x0000000010001ccc       0x10 CMakeFiles/main.dir/home/ige/pico/pico-sdk/src/rp2_common/hardware_irq/irq.c.obj
                0x0000000010001ccc                irq_set_pending
 .text.irq_get_vtable_handler
                0x0000000010001cdc       0x10 CMakeFiles/main.dir/home/ige/pico/pico-sdk/src/rp2_common/hardware_irq/irq.c.obj
                0x0000000010001cdc                irq_get_vtable_handler
 .text.irq_set_exclusive_handler
                0x0000000010001cec       0x54 CMakeFiles/main.dir/home/ige/pico/pico-sdk/src/rp2_common/hardware_irq/irq.c.obj
                0x0000000010001cec                irq_set_exclusive_handler
 .text.irq_remove_handler
                0x0000000010001d40      0x1b4 CMakeFiles/main.dir/home/ige/pico/pico-sdk/src/rp2_common/hardware_irq/irq.c.obj
                0x0000000010001d40                irq_remove_handler
 .text.irq_add_tail_to_free_list
                0x0000000010001ef4       0xb8 CMakeFiles/main.dir/home/ige/pico/pico-sdk/src/rp2_common/hardware_irq/irq.c.obj
                0x0000000010001ef4                irq_add_tail_to_free_list
 .text.irq_init_priorities
                0x0000000010001fac       0x24 CMakeFiles/main.dir/home/ige/pico/pico-sdk/src/rp2_common/hardware_irq/irq.c.obj
                0x0000000010001fac                irq_init_priorities
 .text.pll_init
                0x0000000010001fd0       0xa8 CMakeFiles/main.dir/home/ige/pico/pico-sdk/src/rp2_common/hardware_pll/pll.c.obj
                0x0000000010001fd0                pll_init
 .text.watchdog_start_tick
                0x0000000010002078       0x10 CMakeFiles/main.dir/home/ige/pico/pico-sdk/src/rp2_common/hardware_watchdog/watchdog.c.obj
                0x0000000010002078                watchdog_start_tick
 .text.watchdog_reboot
                0x0000000010002088       0x98 CMakeFiles/main.dir/home/ige/pico/pico-sdk/src/rp2_common/hardware_watchdog/watchdog.c.obj
                0x0000000010002088                watchdog_reboot
 .text.xosc_init
                0x0000000010002120       0x28 CMakeFiles/main.dir/home/ige/pico/pico-sdk/src/rp2_common/hardware_xosc/xosc.c.obj
                0x0000000010002120                xosc_init
 .text._out_char
                0x0000000010002148       0x10 CMakeFiles/main.dir/home/ige/pico/pico-sdk/src/rp2_common/pico_printf/printf.c.obj
 .text.weak_raw_vprintf
                0x0000000010002158       0x30 CMakeFiles/main.dir/home/ige/pico/pico-sdk/src/rp2_common/pico_printf/printf.c.obj
                0x0000000010002158                weak_raw_vprintf
 .text          0x0000000010002188       0x10 CMakeFiles/main.dir/home/ige/pico/pico-sdk/src/rp2_common/pico_bit_ops/bit_ops_aeabi.S.obj
 .text.rom_func_lookup
                0x0000000010002198       0x10 CMakeFiles/main.dir/home/ige/pico/pico-sdk/src/rp2_common/pico_bootrom/bootrom.c.obj
                0x0000000010002198                rom_func_lookup
 .text.rom_data_lookup
                0x00000000100021a8       0x10 CMakeFiles/main.dir/home/ige/pico/pico-sdk/src/rp2_common/pico_bootrom/bootrom.c.obj
                0x00000000100021a8                rom_data_lookup
 .text.rom_funcs_lookup
                0x00000000100021b8       0x3c CMakeFiles/main.dir/home/ige/pico/pico-sdk/src/rp2_common/pico_bootrom/bootrom.c.obj
                0x00000000100021b8                rom_funcs_lookup
 .text.__wrap___aeabi_idiv
                0x00000000100021f4       0x50 CMakeFiles/main.dir/home/ige/pico/pico-sdk/src/rp2_common/pico_divider/divider.S.obj
                0x00000000100021f4                __wrap___aeabi_idivmod
                0x00000000100021f4                divmod_s32s32
                0x00000000100021f4                div_s32s32
                0x00000000100021f4                __wrap___aeabi_idiv
                0x00000000100021fc                divmod_s32s32_unsafe
                0x0000000010002228                divmod_s32s32_savestate
 .text.__wrap___aeabi_uidiv
                0x0000000010002244       0x4c CMakeFiles/main.dir/home/ige/pico/pico-sdk/src/rp2_common/pico_divider/divider.S.obj
                0x0000000010002244                __wrap___aeabi_uidiv
                0x0000000010002244                __wrap___aeabi_uidivmod
                0x0000000010002244                div_u32u32
                0x0000000010002244                divmod_u32u32
                0x000000001000224c                divmod_u32u32_unsafe
                0x0000000010002274                divmod_u32u32_savestate
 .text.push_r8_r11
                0x0000000010002290        0xc CMakeFiles/main.dir/home/ige/pico/pico-sdk/src/rp2_common/pico_double/double_aeabi.S.obj
                0x0000000010002290                push_r8_r11
 .text.pop_r8_r11
                0x000000001000229c        0xc CMakeFiles/main.dir/home/ige/pico/pico-sdk/src/rp2_common/pico_double/double_aeabi.S.obj
                0x000000001000229c                pop_r8_r11
 .text.__wrap___aeabi_darithmetic
                0x00000000100022a8       0x80 CMakeFiles/main.dir/home/ige/pico/pico-sdk/src/rp2_common/pico_double/double_aeabi.S.obj
                0x00000000100022a8                __wrap___aeabi_drsub
                0x00000000100022ae                __wrap___aeabi_dsub
                0x00000000100022c0                __wrap___aeabi_dadd
                0x00000000100022d2                __wrap___aeabi_ddiv
                0x000000001000230e                __wrap___aeabi_dmul
 .text.__wrap___aeabi_cdcmple
                0x0000000010002328       0x6c CMakeFiles/main.dir/home/ige/pico/pico-sdk/src/rp2_common/pico_double/double_aeabi.S.obj
                0x0000000010002328                __wrap___aeabi_cdrcmple
                0x0000000010002338                __wrap___aeabi_cdcmple
                0x0000000010002338                __wrap___aeabi_cdcmpeq
 .text.__wrap___aeabi_dcmplt
                0x0000000010002394        0xc CMakeFiles/main.dir/home/ige/pico/pico-sdk/src/rp2_common/pico_double/double_aeabi.S.obj
                0x0000000010002394                __wrap___aeabi_dcmplt
 .text.__wrap___aeabi_i2d
                0x00000000100023a0       0x38 CMakeFiles/main.dir/home/ige/pico/pico-sdk/src/rp2_common/pico_double/double_aeabi.S.obj
                0x00000000100023a0                __wrap___aeabi_ui2d
                0x00000000100023a8                __wrap___aeabi_i2d
 .text.fix642double
                0x00000000100023d8       0x18 CMakeFiles/main.dir/home/ige/pico/pico-sdk/src/rp2_common/pico_double/double_aeabi.S.obj
                0x00000000100023d8                fix642double
 .text.__wrap___aeabi_d2f
                0x00000000100023f0       0x18 CMakeFiles/main.dir/home/ige/pico/pico-sdk/src/rp2_common/pico_double/double_aeabi.S.obj
                0x00000000100023f0                __wrap___aeabi_d2f
 .text.__wrap_srqt
                0x0000000010002408       0x18 CMakeFiles/main.dir/home/ige/pico/pico-sdk/src/rp2_common/pico_double/double_aeabi.S.obj
                0x0000000010002408                __wrap_sqrt
 .text.__wrap_sincostan_remainder
                0x0000000010002420       0x14 CMakeFiles/main.dir/home/ige/pico/pico-sdk/src/rp2_common/pico_double/double_aeabi.S.obj
                0x0000000010002420                sincostan_remainder
 .text.__wrap_cos
                0x0000000010002434       0x2c CMakeFiles/main.dir/home/ige/pico/pico-sdk/src/rp2_common/pico_double/double_aeabi.S.obj
                0x0000000010002434                __wrap_cos
 .text.__wrap_sin
                0x0000000010002460       0x2c CMakeFiles/main.dir/home/ige/pico/pico-sdk/src/rp2_common/pico_double/double_aeabi.S.obj
                0x0000000010002460                __wrap_sin
 .text.__aeabi_double_init
                0x000000001000248c       0xc0 CMakeFiles/main.dir/home/ige/pico/pico-sdk/src/rp2_common/pico_double/double_init_rom.c.obj
                0x000000001000248c                __aeabi_double_init
 .text.__wrap_floor
                0x000000001000254c       0x90 CMakeFiles/main.dir/home/ige/pico/pico-sdk/src/rp2_common/pico_double/double_math.c.obj
                0x000000001000254c                __wrap_floor
 .text.__wrap_remquo
                0x00000000100025dc      0x28c CMakeFiles/main.dir/home/ige/pico/pico-sdk/src/rp2_common/pico_double/double_math.c.obj
                0x00000000100025dc                __wrap_remquo
 .text.__wrap_remainder
                0x0000000010002868       0x10 CMakeFiles/main.dir/home/ige/pico/pico-sdk/src/rp2_common/pico_double/double_math.c.obj
                0x0000000010002868                __wrap_remainder
 .text.double_table_shim_on_use_helper
                0x0000000010002878       0x2c CMakeFiles/main.dir/home/ige/pico/pico-sdk/src/rp2_common/pico_double/double_v1_rom_shim.S.obj
                0x0000000010002878                double_table_shim_on_use_helper
 .text.__wrap___aeabi_dsub
                0x00000000100028a4       0x10 CMakeFiles/main.dir/home/ige/pico/pico-sdk/src/rp2_common/pico_double/double_v1_rom_shim.S.obj
                0x00000000100028a4                drsub_shim
                0x00000000100028aa                dsub_shim
 .text.dadd_shim
                0x00000000100028b4      0x15c CMakeFiles/main.dir/home/ige/pico/pico-sdk/src/rp2_common/pico_double/double_v1_rom_shim.S.obj
                0x00000000100028b4                dadd_shim
 .text.dmul_shim
                0x0000000010002a10      0x15c CMakeFiles/main.dir/home/ige/pico/pico-sdk/src/rp2_common/pico_double/double_v1_rom_shim.S.obj
                0x0000000010002a10                dmul_shim
 .text.ddiv_shim
                0x0000000010002b6c      0x1b0 CMakeFiles/main.dir/home/ige/pico/pico-sdk/src/rp2_common/pico_double/double_v1_rom_shim.S.obj
                0x0000000010002b6c                ddiv_shim
 .text.dsqrt_shim
                0x0000000010002d1c      0x1a8 CMakeFiles/main.dir/home/ige/pico/pico-sdk/src/rp2_common/pico_double/double_v1_rom_shim.S.obj
                0x0000000010002d38                dsqrt_shim
 .text.dcordic_vec_step
                0x0000000010002ec4        0xe CMakeFiles/main.dir/home/ige/pico/pico-sdk/src/rp2_common/pico_double/double_v1_rom_shim.S.obj
                0x0000000010002ec4                dcordic_vec_step
 .text.dcordic_rot_step
                0x0000000010002ed2       0x76 CMakeFiles/main.dir/home/ige/pico/pico-sdk/src/rp2_common/pico_double/double_v1_rom_shim.S.obj
                0x0000000010002ed2                dcordic_rot_step
 .text.double2int64_shim
                0x0000000010002f48       0x1a CMakeFiles/main.dir/home/ige/pico/pico-sdk/src/rp2_common/pico_double/double_v1_rom_shim.S.obj
                0x0000000010002f48                double2int64_shim
                0x0000000010002f4a                double2fix64_shim
 *fill*         0x0000000010002f62        0x2 
 .text.double2uint64_shim
                0x0000000010002f64       0x70 CMakeFiles/main.dir/home/ige/pico/pico-sdk/src/rp2_common/pico_double/double_v1_rom_shim.S.obj
                0x0000000010002f64                double2uint64_shim
                0x0000000010002f66                double2ufix64_shim
                0x0000000010002f86                d2fix_a
 .text.double2float_shim
                0x0000000010002fd4       0x5c CMakeFiles/main.dir/home/ige/pico/pico-sdk/src/rp2_common/pico_double/double_v1_rom_shim.S.obj
                0x0000000010002fd4                double2float_shim
 .text.x2double_shims
                0x0000000010003030       0x90 CMakeFiles/main.dir/home/ige/pico/pico-sdk/src/rp2_common/pico_double/double_v1_rom_shim.S.obj
                0x0000000010003030                uint2double_shim
                0x0000000010003032                ufix2double_shim
                0x0000000010003038                int2double_shim
                0x000000001000303a                fix2double_shim
                0x0000000010003040                uint642double_shim
                0x0000000010003042                ufix642double_shim
                0x0000000010003048                int642double_shim
                0x000000001000304a                fix642double_shim
 .text.dunpacks
                0x00000000100030c0       0x3c CMakeFiles/main.dir/home/ige/pico/pico-sdk/src/rp2_common/pico_double/double_v1_rom_shim.S.obj
                0x00000000100030c0                dunpacks
 .text.dreduce  0x00000000100030fc       0x82 CMakeFiles/main.dir/home/ige/pico/pico-sdk/src/rp2_common/pico_double/double_v1_rom_shim.S.obj
                0x00000000100030fc                dreduce
 .text.dcos_shim
                0x000000001000317e       0x10 CMakeFiles/main.dir/home/ige/pico/pico-sdk/src/rp2_common/pico_double/double_v1_rom_shim.S.obj
                0x000000001000317e                dcos_shim
 .text.dsin_shim
                0x000000001000318e       0x14 CMakeFiles/main.dir/home/ige/pico/pico-sdk/src/rp2_common/pico_double/double_v1_rom_shim.S.obj
                0x000000001000318e                dsin_shim
 *fill*         0x00000000100031a2        0x2 
 .text.dtrig_guts
                0x00000000100031a4      0x2ec CMakeFiles/main.dir/home/ige/pico/pico-sdk/src/rp2_common/pico_double/double_v1_rom_shim.S.obj
                0x000000001000327c                datan2_shim
 .text.__aeabi_lmul
                0x0000000010003490       0x32 CMakeFiles/main.dir/home/ige/pico/pico-sdk/src/rp2_common/pico_int64_ops/pico_int64_ops_aeabi.S.obj
                0x0000000010003490                __wrap___aeabi_lmul
 *fill*         0x00000000100034c2        0x2 
 .text.__wrap___aeabi_farithmetic
                0x00000000100034c4       0x48 CMakeFiles/main.dir/home/ige/pico/pico-sdk/src/rp2_common/pico_float/float_aeabi.S.obj
                0x00000000100034c4                __wrap___aeabi_frsub
                0x00000000100034ca                __wrap___aeabi_fsub
                0x00000000100034d0                __wrap___aeabi_fadd
                0x00000000100034d6                __wrap___aeabi_fdiv
                0x00000000100034fe                __wrap___aeabi_fmul
 .text.__wrap___aeabi_ui2f
                0x000000001000350c        0xa CMakeFiles/main.dir/home/ige/pico/pico-sdk/src/rp2_common/pico_float/float_aeabi.S.obj
                0x000000001000350c                __wrap___aeabi_ui2f
 *fill*         0x0000000010003516        0x2 
 .text.__wrap___aeabi_i2f
                0x0000000010003518       0x44 CMakeFiles/main.dir/home/ige/pico/pico-sdk/src/rp2_common/pico_float/float_aeabi.S.obj
                0x0000000010003518                __wrap___aeabi_i2f
 .text.__wrap___aeabi_f2uiz
                0x000000001000355c        0xc CMakeFiles/main.dir/home/ige/pico/pico-sdk/src/rp2_common/pico_float/float_aeabi.S.obj
                0x000000001000355c                __wrap___aeabi_f2uiz
 .text.__wrap___aeabi_ul2f
                0x0000000010003568       0x20 CMakeFiles/main.dir/home/ige/pico/pico-sdk/src/rp2_common/pico_float/float_aeabi.S.obj
                0x000000001000356c                __wrap___aeabi_ul2f
 .text.__wrap___aeabi_f2d
                0x0000000010003588       0x14 CMakeFiles/main.dir/home/ige/pico/pico-sdk/src/rp2_common/pico_float/float_aeabi.S.obj
                0x0000000010003588                __wrap___aeabi_f2d
 .text.__aeabi_float_init
                0x000000001000359c       0x64 CMakeFiles/main.dir/home/ige/pico/pico-sdk/src/rp2_common/pico_float/float_init_rom.c.obj
                0x000000001000359c                __aeabi_float_init
 .text.float_table_shim_on_use_helper
                0x0000000010003600       0x2c CMakeFiles/main.dir/home/ige/pico/pico-sdk/src/rp2_common/pico_float/float_v1_rom_shim.S.obj
                0x0000000010003600                float_table_shim_on_use_helper
 .text.642float_shims
                0x000000001000362c       0x44 CMakeFiles/main.dir/home/ige/pico/pico-sdk/src/rp2_common/pico_float/float_v1_rom_shim.S.obj
                0x000000001000362c                uint642float_shim
                0x000000001000362e                ufix642float_shim
                0x000000001000363e                int642float_shim
                0x0000000010003640                fix642float_shim
 .text.float2double_shim
                0x0000000010003670       0x30 CMakeFiles/main.dir/home/ige/pico/pico-sdk/src/rp2_common/pico_float/float_v1_rom_shim.S.obj
                0x0000000010003670                float2double_shim
 .text.__wrap_malloc
                0x00000000100036a0       0x24 CMakeFiles/main.dir/home/ige/pico/pico-sdk/src/rp2_common/pico_malloc/pico_malloc.c.obj
                0x00000000100036a0                __wrap_malloc
 .text.__wrap_free
                0x00000000100036c4        0x8 CMakeFiles/main.dir/home/ige/pico/pico-sdk/src/rp2_common/pico_malloc/pico_malloc.c.obj
                0x00000000100036c4                __wrap_free
 .text          0x00000000100036cc       0x10 CMakeFiles/main.dir/home/ige/pico/pico-sdk/src/rp2_common/pico_mem_ops/mem_ops_aeabi.S.obj
                0x00000000100036cc                __aeabi_mem_init
 .text.memset   0x00000000100036dc        0xc CMakeFiles/main.dir/home/ige/pico/pico-sdk/src/rp2_common/pico_mem_ops/mem_ops_aeabi.S.obj
                0x00000000100036dc                __wrap_memset
 .text.memcpy   0x00000000100036e8        0xc CMakeFiles/main.dir/home/ige/pico/pico-sdk/src/rp2_common/pico_mem_ops/mem_ops_aeabi.S.obj
                0x00000000100036e8                __wrap___aeabi_memcpy
                0x00000000100036e8                __wrap_memcpy
 .text.stdio_out_chars_no_crlf
                0x00000000100036f4       0x10 CMakeFiles/main.dir/home/ige/pico/pico-sdk/src/rp2_common/pico_stdio/stdio.c.obj
 .text.stdio_out_chars_crlf
                0x0000000010003704       0x94 CMakeFiles/main.dir/home/ige/pico/pico-sdk/src/rp2_common/pico_stdio/stdio.c.obj
 .text.stdio_put_string
                0x0000000010003798      0x100 CMakeFiles/main.dir/home/ige/pico/pico-sdk/src/rp2_common/pico_stdio/stdio.c.obj
 .text.__wrap_putchar
                0x0000000010003898       0xa4 CMakeFiles/main.dir/home/ige/pico/pico-sdk/src/rp2_common/pico_stdio/stdio.c.obj
                0x0000000010003898                __wrap_putchar
 .text.__wrap_puts
                0x000000001000393c       0x3c CMakeFiles/main.dir/home/ige/pico/pico-sdk/src/rp2_common/pico_stdio/stdio.c.obj
                0x000000001000393c                __wrap_puts
 .text.stdio_set_driver_enabled
                0x0000000010003978       0x30 CMakeFiles/main.dir/home/ige/pico/pico-sdk/src/rp2_common/pico_stdio/stdio.c.obj
                0x0000000010003978                stdio_set_driver_enabled
 .text.stdio_init_all
                0x00000000100039a8        0xc CMakeFiles/main.dir/home/ige/pico/pico-sdk/src/rp2_common/pico_stdio/stdio.c.obj
                0x00000000100039a8                stdio_init_all
 .text.stdio_uart_out_chars
                0x00000000100039b4       0x4c CMakeFiles/main.dir/home/ige/pico/pico-sdk/src/rp2_common/pico_stdio_uart/stdio_uart.c.obj
 .text.stdio_uart_in_chars
                0x0000000010003a00       0x38 CMakeFiles/main.dir/home/ige/pico/pico-sdk/src/rp2_common/pico_stdio_uart/stdio_uart.c.obj
                0x0000000010003a00                stdio_uart_in_chars
 .text.stdio_uart_init
                0x0000000010003a38       0x48 CMakeFiles/main.dir/home/ige/pico/pico-sdk/src/rp2_common/pico_stdio_uart/stdio_uart.c.obj
                0x0000000010003a38                stdio_uart_init
 .text.resetd_init
                0x0000000010003a80        0x4 CMakeFiles/main.dir/home/ige/pico/pico-sdk/src/rp2_common/pico_stdio_usb/reset_interface.c.obj
 .text.resetd_reset
                0x0000000010003a84        0xc CMakeFiles/main.dir/home/ige/pico/pico-sdk/src/rp2_common/pico_stdio_usb/reset_interface.c.obj
 .text.resetd_open
                0x0000000010003a90       0x28 CMakeFiles/main.dir/home/ige/pico/pico-sdk/src/rp2_common/pico_stdio_usb/reset_interface.c.obj
 .text.resetd_xfer_cb
                0x0000000010003ab8        0x4 CMakeFiles/main.dir/home/ige/pico/pico-sdk/src/rp2_common/pico_stdio_usb/reset_interface.c.obj
 .text.resetd_control_xfer_cb
                0x0000000010003abc       0x64 CMakeFiles/main.dir/home/ige/pico/pico-sdk/src/rp2_common/pico_stdio_usb/reset_interface.c.obj
 .text.usbd_app_driver_get_cb
                0x0000000010003b20        0xc CMakeFiles/main.dir/home/ige/pico/pico-sdk/src/rp2_common/pico_stdio_usb/reset_interface.c.obj
                0x0000000010003b20                usbd_app_driver_get_cb
 .text.tud_cdc_line_coding_cb
                0x0000000010003b2c       0x34 CMakeFiles/main.dir/home/ige/pico/pico-sdk/src/rp2_common/pico_stdio_usb/reset_interface.c.obj
                0x0000000010003b2c                tud_cdc_line_coding_cb
 .text.stdio_usb_in_chars
                0x0000000010003b60       0x68 CMakeFiles/main.dir/home/ige/pico/pico-sdk/src/rp2_common/pico_stdio_usb/stdio_usb.c.obj
                0x0000000010003b60                stdio_usb_in_chars
 .text.stdio_usb_out_chars
                0x0000000010003bc8       0xec CMakeFiles/main.dir/home/ige/pico/pico-sdk/src/rp2_common/pico_stdio_usb/stdio_usb.c.obj
 .text.timer_task
                0x0000000010003cb4       0x10 CMakeFiles/main.dir/home/ige/pico/pico-sdk/src/rp2_common/pico_stdio_usb/stdio_usb.c.obj
 .text.low_priority_worker_irq
                0x0000000010003cc4       0x24 CMakeFiles/main.dir/home/ige/pico/pico-sdk/src/rp2_common/pico_stdio_usb/stdio_usb.c.obj
 .text.stdio_usb_init
                0x0000000010003ce8       0x90 CMakeFiles/main.dir/home/ige/pico/pico-sdk/src/rp2_common/pico_stdio_usb/stdio_usb.c.obj
                0x0000000010003ce8                stdio_usb_init
 .text.tud_descriptor_device_cb
                0x0000000010003d78        0x8 CMakeFiles/main.dir/home/ige/pico/pico-sdk/src/rp2_common/pico_stdio_usb/stdio_usb_descriptors.c.obj
                0x0000000010003d78                tud_descriptor_device_cb
 .text.tud_descriptor_configuration_cb
                0x0000000010003d80        0x8 CMakeFiles/main.dir/home/ige/pico/pico-sdk/src/rp2_common/pico_stdio_usb/stdio_usb_descriptors.c.obj
                0x0000000010003d80                tud_descriptor_configuration_cb
 .text.tud_descriptor_string_cb
                0x0000000010003d88       0x70 CMakeFiles/main.dir/home/ige/pico/pico-sdk/src/rp2_common/pico_stdio_usb/stdio_usb_descriptors.c.obj
                0x0000000010003d88                tud_descriptor_string_cb
 .text.dcd_rp2040_irq
                0x0000000010003df8      0x21c CMakeFiles/main.dir/home/ige/pico/pico-sdk/lib/tinyusb/src/portable/raspberrypi/rp2040/dcd_rp2040.c.obj
 .text.dcd_int_enable
                0x0000000010004014        0xc CMakeFiles/main.dir/home/ige/pico/pico-sdk/lib/tinyusb/src/portable/raspberrypi/rp2040/dcd_rp2040.c.obj
                0x0000000010004014                dcd_int_enable
 .text.dcd_set_address
                0x0000000010004020       0x14 CMakeFiles/main.dir/home/ige/pico/pico-sdk/lib/tinyusb/src/portable/raspberrypi/rp2040/dcd_rp2040.c.obj
                0x0000000010004020                dcd_set_address
 .text.dcd_connect
                0x0000000010004034       0x10 CMakeFiles/main.dir/home/ige/pico/pico-sdk/lib/tinyusb/src/portable/raspberrypi/rp2040/dcd_rp2040.c.obj
                0x0000000010004034                dcd_connect
 .text.dcd_init
                0x0000000010004044      0x148 CMakeFiles/main.dir/home/ige/pico/pico-sdk/lib/tinyusb/src/portable/raspberrypi/rp2040/dcd_rp2040.c.obj
                0x0000000010004044                dcd_init
 .text.dcd_edpt0_status_complete
                0x000000001000418c       0x1c CMakeFiles/main.dir/home/ige/pico/pico-sdk/lib/tinyusb/src/portable/raspberrypi/rp2040/dcd_rp2040.c.obj
                0x000000001000418c                dcd_edpt0_status_complete
 .text.dcd_edpt_open
                0x00000000100041a8       0xf0 CMakeFiles/main.dir/home/ige/pico/pico-sdk/lib/tinyusb/src/portable/raspberrypi/rp2040/dcd_rp2040.c.obj
                0x00000000100041a8                dcd_edpt_open
 .text.dcd_edpt_close_all
                0x0000000010004298       0xbc CMakeFiles/main.dir/home/ige/pico/pico-sdk/lib/tinyusb/src/portable/raspberrypi/rp2040/dcd_rp2040.c.obj
                0x0000000010004298                dcd_edpt_close_all
 .text.dcd_edpt_xfer
                0x0000000010004354       0x24 CMakeFiles/main.dir/home/ige/pico/pico-sdk/lib/tinyusb/src/portable/raspberrypi/rp2040/dcd_rp2040.c.obj
                0x0000000010004354                dcd_edpt_xfer
 .text.dcd_edpt_stall
                0x0000000010004378       0x38 CMakeFiles/main.dir/home/ige/pico/pico-sdk/lib/tinyusb/src/portable/raspberrypi/rp2040/dcd_rp2040.c.obj
                0x0000000010004378                dcd_edpt_stall
 .text.dcd_edpt_clear_stall
                0x00000000100043b0       0x30 CMakeFiles/main.dir/home/ige/pico/pico-sdk/lib/tinyusb/src/portable/raspberrypi/rp2040/dcd_rp2040.c.obj
                0x00000000100043b0                dcd_edpt_clear_stall
 .text._hw_endpoint_buffer_control_update32.part.0
                0x00000000100043e0       0x20 CMakeFiles/main.dir/home/ige/pico/pico-sdk/lib/tinyusb/src/portable/raspberrypi/rp2040/rp2040_usb.c.obj
 .text.rp2040_usb_init
                0x0000000010004400       0x4c CMakeFiles/main.dir/home/ige/pico/pico-sdk/lib/tinyusb/src/portable/raspberrypi/rp2040/rp2040_usb.c.obj
                0x0000000010004400                rp2040_usb_init
 .text.hw_endpoint_reset_transfer
                0x000000001000444c        0xc CMakeFiles/main.dir/home/ige/pico/pico-sdk/lib/tinyusb/src/portable/raspberrypi/rp2040/rp2040_usb.c.obj
                0x000000001000444c                hw_endpoint_reset_transfer
 .text._hw_endpoint_buffer_control_update32
                0x0000000010004458       0x40 CMakeFiles/main.dir/home/ige/pico/pico-sdk/lib/tinyusb/src/portable/raspberrypi/rp2040/rp2040_usb.c.obj
                0x0000000010004458                _hw_endpoint_buffer_control_update32
 .text.hw_endpoint_xfer_start
                0x0000000010004498      0x138 CMakeFiles/main.dir/home/ige/pico/pico-sdk/lib/tinyusb/src/portable/raspberrypi/rp2040/rp2040_usb.c.obj
                0x0000000010004498                hw_endpoint_xfer_start
 .text.hw_endpoint_xfer_continue
                0x00000000100045d0      0x1e4 CMakeFiles/main.dir/home/ige/pico/pico-sdk/lib/tinyusb/src/portable/raspberrypi/rp2040/rp2040_usb.c.obj
                0x00000000100045d0                hw_endpoint_xfer_continue
 .text.tud_mounted
                0x00000000100047b4       0x10 CMakeFiles/main.dir/home/ige/pico/pico-sdk/lib/tinyusb/src/device/usbd.c.obj
                0x00000000100047b4                tud_mounted
 .text.tud_suspended
                0x00000000100047c4       0x10 CMakeFiles/main.dir/home/ige/pico/pico-sdk/lib/tinyusb/src/device/usbd.c.obj
                0x00000000100047c4                tud_suspended
 .text.tud_inited
                0x00000000100047d4        0xc CMakeFiles/main.dir/home/ige/pico/pico-sdk/lib/tinyusb/src/device/usbd.c.obj
                0x00000000100047d4                tud_inited
 .text.tud_init
                0x00000000100047e0       0xd8 CMakeFiles/main.dir/home/ige/pico/pico-sdk/lib/tinyusb/src/device/usbd.c.obj
                0x00000000100047e0                tud_init
 .text.tud_task
                0x00000000100048b8      0x8ec CMakeFiles/main.dir/home/ige/pico/pico-sdk/lib/tinyusb/src/device/usbd.c.obj
                0x00000000100048b8                tud_task
 .text.dcd_event_bus_signal
                0x00000000100051a4      0x120 CMakeFiles/main.dir/home/ige/pico/pico-sdk/lib/tinyusb/src/device/usbd.c.obj
                0x00000000100051a4                dcd_event_bus_signal
 .text.dcd_event_bus_reset
                0x00000000100052c4       0x54 CMakeFiles/main.dir/home/ige/pico/pico-sdk/lib/tinyusb/src/device/usbd.c.obj
                0x00000000100052c4                dcd_event_bus_reset
 .text.dcd_event_setup_received
                0x0000000010005318       0x50 CMakeFiles/main.dir/home/ige/pico/pico-sdk/lib/tinyusb/src/device/usbd.c.obj
                0x0000000010005318                dcd_event_setup_received
 .text.dcd_event_xfer_complete
                0x0000000010005368       0x68 CMakeFiles/main.dir/home/ige/pico/pico-sdk/lib/tinyusb/src/device/usbd.c.obj
                0x0000000010005368                dcd_event_xfer_complete
 .text.usbd_open_edpt_pair
                0x00000000100053d0       0x80 CMakeFiles/main.dir/home/ige/pico/pico-sdk/lib/tinyusb/src/device/usbd.c.obj
                0x00000000100053d0                usbd_open_edpt_pair
 .text.usbd_edpt_open
                0x0000000010005450       0x30 CMakeFiles/main.dir/home/ige/pico/pico-sdk/lib/tinyusb/src/device/usbd.c.obj
                0x0000000010005450                usbd_edpt_open
 .text.usbd_edpt_claim
                0x0000000010005480       0x64 CMakeFiles/main.dir/home/ige/pico/pico-sdk/lib/tinyusb/src/device/usbd.c.obj
                0x0000000010005480                usbd_edpt_claim
 .text.usbd_edpt_release
                0x00000000100054e4       0x4c CMakeFiles/main.dir/home/ige/pico/pico-sdk/lib/tinyusb/src/device/usbd.c.obj
                0x00000000100054e4                usbd_edpt_release
 .text.usbd_edpt_xfer
                0x0000000010005530       0x48 CMakeFiles/main.dir/home/ige/pico/pico-sdk/lib/tinyusb/src/device/usbd.c.obj
                0x0000000010005530                usbd_edpt_xfer
 .text.tud_control_status
                0x0000000010005578       0x30 CMakeFiles/main.dir/home/ige/pico/pico-sdk/lib/tinyusb/src/device/usbd_control.c.obj
                0x0000000010005578                tud_control_status
 .text.tud_control_xfer
                0x00000000100055a8       0xb8 CMakeFiles/main.dir/home/ige/pico/pico-sdk/lib/tinyusb/src/device/usbd_control.c.obj
                0x00000000100055a8                tud_control_xfer
 .text.usbd_control_reset
                0x0000000010005660       0x14 CMakeFiles/main.dir/home/ige/pico/pico-sdk/lib/tinyusb/src/device/usbd_control.c.obj
                0x0000000010005660                usbd_control_reset
 .text.usbd_control_set_complete_callback
                0x0000000010005674        0xc CMakeFiles/main.dir/home/ige/pico/pico-sdk/lib/tinyusb/src/device/usbd_control.c.obj
                0x0000000010005674                usbd_control_set_complete_callback
 .text.usbd_control_set_request
                0x0000000010005680       0x1c CMakeFiles/main.dir/home/ige/pico/pico-sdk/lib/tinyusb/src/device/usbd_control.c.obj
                0x0000000010005680                usbd_control_set_request
 .text.usbd_control_xfer_cb
                0x000000001000569c       0xf8 CMakeFiles/main.dir/home/ige/pico/pico-sdk/lib/tinyusb/src/device/usbd_control.c.obj
                0x000000001000569c                usbd_control_xfer_cb
 .text.tud_cdc_n_connected
                0x0000000010005794       0x30 CMakeFiles/main.dir/home/ige/pico/pico-sdk/lib/tinyusb/src/class/cdc/cdc_device.c.obj
                0x0000000010005794                tud_cdc_n_connected
 .text.tud_cdc_n_available
                0x00000000100057c4       0x18 CMakeFiles/main.dir/home/ige/pico/pico-sdk/lib/tinyusb/src/class/cdc/cdc_device.c.obj
                0x00000000100057c4                tud_cdc_n_available
 .text.tud_cdc_n_read
                0x00000000100057dc       0x70 CMakeFiles/main.dir/home/ige/pico/pico-sdk/lib/tinyusb/src/class/cdc/cdc_device.c.obj
                0x00000000100057dc                tud_cdc_n_read
 .text.tud_cdc_n_write_flush
                0x000000001000584c       0x78 CMakeFiles/main.dir/home/ige/pico/pico-sdk/lib/tinyusb/src/class/cdc/cdc_device.c.obj
                0x000000001000584c                tud_cdc_n_write_flush
 .text.tud_cdc_n_write
                0x00000000100058c4       0x34 CMakeFiles/main.dir/home/ige/pico/pico-sdk/lib/tinyusb/src/class/cdc/cdc_device.c.obj
                0x00000000100058c4                tud_cdc_n_write
 .text.tud_cdc_n_write_available
                0x00000000100058f8       0x18 CMakeFiles/main.dir/home/ige/pico/pico-sdk/lib/tinyusb/src/class/cdc/cdc_device.c.obj
                0x00000000100058f8                tud_cdc_n_write_available
 .text.cdcd_init
                0x0000000010005910       0x7c CMakeFiles/main.dir/home/ige/pico/pico-sdk/lib/tinyusb/src/class/cdc/cdc_device.c.obj
                0x0000000010005910                cdcd_init
 .text.cdcd_reset
                0x000000001000598c       0x2c CMakeFiles/main.dir/home/ige/pico/pico-sdk/lib/tinyusb/src/class/cdc/cdc_device.c.obj
                0x000000001000598c                cdcd_reset
 .text.cdcd_open
                0x00000000100059b8       0xe4 CMakeFiles/main.dir/home/ige/pico/pico-sdk/lib/tinyusb/src/class/cdc/cdc_device.c.obj
                0x00000000100059b8                cdcd_open
 .text.cdcd_control_xfer_cb
                0x0000000010005a9c       0xe4 CMakeFiles/main.dir/home/ige/pico/pico-sdk/lib/tinyusb/src/class/cdc/cdc_device.c.obj
                0x0000000010005a9c                cdcd_control_xfer_cb
 .text.cdcd_xfer_cb
                0x0000000010005b80      0x198 CMakeFiles/main.dir/home/ige/pico/pico-sdk/lib/tinyusb/src/class/cdc/cdc_device.c.obj
                0x0000000010005b80                cdcd_xfer_cb
 .text.tusb_init
                0x0000000010005d18        0xc CMakeFiles/main.dir/home/ige/pico/pico-sdk/lib/tinyusb/src/tusb.c.obj
                0x0000000010005d18                tusb_init
 .text.tusb_inited
                0x0000000010005d24        0x8 CMakeFiles/main.dir/home/ige/pico/pico-sdk/lib/tinyusb/src/tusb.c.obj
                0x0000000010005d24                tusb_inited
 .text.tu_edpt_validate
                0x0000000010005d2c       0x78 CMakeFiles/main.dir/home/ige/pico/pico-sdk/lib/tinyusb/src/tusb.c.obj
                0x0000000010005d2c                tu_edpt_validate
 .text.tu_edpt_bind_driver
                0x0000000010005da4       0x2c CMakeFiles/main.dir/home/ige/pico/pico-sdk/lib/tinyusb/src/tusb.c.obj
                0x0000000010005da4                tu_edpt_bind_driver
 .text.tu_fifo_config
                0x0000000010005dd0       0x78 CMakeFiles/main.dir/home/ige/pico/pico-sdk/lib/tinyusb/src/common/tusb_fifo.c.obj
                0x0000000010005dd0                tu_fifo_config
 .text.tu_fifo_count
                0x0000000010005e48       0x20 CMakeFiles/main.dir/home/ige/pico/pico-sdk/lib/tinyusb/src/common/tusb_fifo.c.obj
                0x0000000010005e48                tu_fifo_count
 .text.tu_fifo_empty
                0x0000000010005e68       0x10 CMakeFiles/main.dir/home/ige/pico/pico-sdk/lib/tinyusb/src/common/tusb_fifo.c.obj
                0x0000000010005e68                tu_fifo_empty
 .text.tu_fifo_remaining
                0x0000000010005e78       0x1c CMakeFiles/main.dir/home/ige/pico/pico-sdk/lib/tinyusb/src/common/tusb_fifo.c.obj
                0x0000000010005e78                tu_fifo_remaining
 .text.tu_fifo_read
                0x0000000010005e94       0x9c CMakeFiles/main.dir/home/ige/pico/pico-sdk/lib/tinyusb/src/common/tusb_fifo.c.obj
                0x0000000010005e94                tu_fifo_read
 .text.tu_fifo_read_n
                0x0000000010005f30      0x100 CMakeFiles/main.dir/home/ige/pico/pico-sdk/lib/tinyusb/src/common/tusb_fifo.c.obj
                0x0000000010005f30                tu_fifo_read_n
 .text.tu_fifo_write
                0x0000000010006030       0x7c CMakeFiles/main.dir/home/ige/pico/pico-sdk/lib/tinyusb/src/common/tusb_fifo.c.obj
                0x0000000010006030                tu_fifo_write
 .text.tu_fifo_write_n
                0x00000000100060ac       0xf8 CMakeFiles/main.dir/home/ige/pico/pico-sdk/lib/tinyusb/src/common/tusb_fifo.c.obj
                0x00000000100060ac                tu_fifo_write_n
 .text.tu_fifo_clear
                0x00000000100061a4       0x4c CMakeFiles/main.dir/home/ige/pico/pico-sdk/lib/tinyusb/src/common/tusb_fifo.c.obj
                0x00000000100061a4                tu_fifo_clear
 .text.tu_fifo_set_overwritable
                0x00000000100061f0       0x3c CMakeFiles/main.dir/home/ige/pico/pico-sdk/lib/tinyusb/src/common/tusb_fifo.c.obj
                0x00000000100061f0                tu_fifo_set_overwritable
 .text.startup._retrieve_unique_id_on_boot
                0x000000001000622c       0x10 CMakeFiles/main.dir/home/ige/pico/pico-sdk/src/rp2_common/pico_unique_id/unique_id.c.obj
 .text.pico_get_unique_board_id_string
                0x000000001000623c      0x1bc CMakeFiles/main.dir/home/ige/pico/pico-sdk/src/rp2_common/pico_unique_id/unique_id.c.obj
                0x000000001000623c                pico_get_unique_board_id_string
 .text.flash_get_unique_id
                0x00000000100063f8       0x40 CMakeFiles/main.dir/home/ige/pico/pico-sdk/src/rp2_common/hardware_flash/flash.c.obj
                0x00000000100063f8                flash_get_unique_id
 .text.spi_init
                0x0000000010006438       0xf4 CMakeFiles/main.dir/home/ige/pico/pico-sdk/src/rp2_common/hardware_spi/spi.c.obj
                0x0000000010006438                spi_init
 .text.i2c_set_baudrate
                0x000000001000652c       0xc4 CMakeFiles/main.dir/home/ige/pico/pico-sdk/src/rp2_common/hardware_i2c/i2c.c.obj
                0x000000001000652c                i2c_set_baudrate
 .text.i2c_init
                0x00000000100065f0       0x54 CMakeFiles/main.dir/home/ige/pico/pico-sdk/src/rp2_common/hardware_i2c/i2c.c.obj
                0x00000000100065f0                i2c_init
 .text.adc_init
                0x0000000010006644       0x38 CMakeFiles/main.dir/home/ige/pico/pico-sdk/src/rp2_common/hardware_adc/adc.c.obj
                0x0000000010006644                adc_init
 .text.dma_claim_unused_channel
                0x000000001000667c       0x20 CMakeFiles/main.dir/home/ige/pico/pico-sdk/src/rp2_common/hardware_dma/dma.c.obj
                0x000000001000667c                dma_claim_unused_channel
 .text.LCD_0IN96_Init
                0x000000001000669c      0x8a4 lib/LCD/libLCD.a(LCD_0in96.c.obj)
                0x000000001000669c                LCD_0IN96_Init
 .text.LCD_0IN96_SetWindows
                0x0000000010006f40      0x148 lib/LCD/libLCD.a(LCD_0in96.c.obj)
                0x0000000010006f40                LCD_0IN96_SetWindows
 .text.LCD_0IN96_Clear
                0x0000000010007088       0x8c lib/LCD/libLCD.a(LCD_0in96.c.obj)
                0x0000000010007088                LCD_0IN96_Clear
 .text.LCD_0IN96_Display
                0x0000000010007114       0x48 lib/LCD/libLCD.a(LCD_0in96.c.obj)
                0x0000000010007114                LCD_0IN96_Display
 .text.LCD_0IN96_Display_circular
                0x000000001000715c       0x6c lib/LCD/libLCD.a(LCD_0in96.c.obj)
                0x000000001000715c                LCD_0IN96_Display_circular
 .text.Paint_SetPixel.part.0
                0x00000000100071c8      0x12c lib/GUI/libGUI.a(GUI_Paint.c.obj)
 .text.Paint_NewImage
                0x00000000100072f4       0x44 lib/GUI/libGUI.a(GUI_Paint.c.obj)
                0x00000000100072f4                Paint_NewImage
 .text.Paint_SetRotate
                0x0000000010007338       0x20 lib/GUI/libGUI.a(GUI_Paint.c.obj)
                0x0000000010007338                Paint_SetRotate
 .text.Paint_SetScale
                0x0000000010007358       0x6c lib/GUI/libGUI.a(GUI_Paint.c.obj)
                0x0000000010007358                Paint_SetScale
 .text.Paint_Clear
                0x00000000100073c4       0xd8 lib/GUI/libGUI.a(GUI_Paint.c.obj)
                0x00000000100073c4                Paint_Clear
 .text.Paint_DrawImage
                0x000000001000749c       0x98 lib/GUI/libGUI.a(GUI_Paint.c.obj)
                0x000000001000749c                Paint_DrawImage
 .text.DEV_Digital_Write
                0x0000000010007534       0x14 lib/Config/libConfig.a(DEV_Config.c.obj)
                0x0000000010007534                DEV_Digital_Write
 .text.DEV_SPI_WriteByte
                0x0000000010007548       0x1c lib/Config/libConfig.a(DEV_Config.c.obj)
                0x0000000010007548                DEV_SPI_WriteByte
 .text.DEV_SPI_Write_nByte
                0x0000000010007564       0x14 lib/Config/libConfig.a(DEV_Config.c.obj)
                0x0000000010007564                DEV_SPI_Write_nByte
 .text.DEV_Delay_ms
                0x0000000010007578        0x8 lib/Config/libConfig.a(DEV_Config.c.obj)
                0x0000000010007578                DEV_Delay_ms
 .text.DEV_Module_Init
                0x0000000010007580      0x104 lib/Config/libConfig.a(DEV_Config.c.obj)
                0x0000000010007580                DEV_Module_Init
 .text.DEV_SET_PWM
                0x0000000010007684       0x40 lib/Config/libConfig.a(DEV_Config.c.obj)
                0x0000000010007684                DEV_SET_PWM
 .text.kf_bfly_generic
                0x00000000100076c4      0x234 lib/FFT/libFFT.a(kiss_fft.c.obj)
 .text.kf_work  0x00000000100078f8     0x1130 lib/FFT/libFFT.a(kiss_fft.c.obj)
 .text.kiss_fft_alloc
                0x0000000010008a28      0x3c8 lib/FFT/libFFT.a(kiss_fft.c.obj)
                0x0000000010008a28                kiss_fft_alloc
 .text.kiss_fft
                0x0000000010008df0     0x11a4 lib/FFT/libFFT.a(kiss_fft.c.obj)
                0x0000000010008df0                kiss_fft
 .text          0x0000000010009f94       0x28 /usr/lib/gcc/arm-none-eabi/9.2.1/../../../arm-none-eabi/lib/thumb/v6-m/nofp/libc.a(lib_a-malloc.o)
                0x0000000010009f94                malloc
                0x0000000010009fa8                free
 .text          0x0000000010009fbc      0x58c /usr/lib/gcc/arm-none-eabi/9.2.1/../../../arm-none-eabi/lib/thumb/v6-m/nofp/libc.a(lib_a-mallocr.o)
                0x0000000010009fbc                _malloc_r
 .text          0x000000001000a548        0x8 /usr/lib/gcc/arm-none-eabi/9.2.1/../../../arm-none-eabi/lib/thumb/v6-m/nofp/libc.a(lib_a-mlock.o)
                0x000000001000a548                __malloc_lock
                0x000000001000a54c                __malloc_unlock
 .text          0x000000001000a550       0x24 /usr/lib/gcc/arm-none-eabi/9.2.1/../../../arm-none-eabi/lib/thumb/v6-m/nofp/libc.a(lib_a-sbrkr.o)
                0x000000001000a550                _sbrk_r
 .text          0x000000001000a574       0x68 /usr/lib/gcc/arm-none-eabi/9.2.1/../../../arm-none-eabi/lib/thumb/v6-m/nofp/libc.a(lib_a-strlen-stub.o)
                0x000000001000a574                strlen
 .text          0x000000001000a5dc      0x27c /usr/lib/gcc/arm-none-eabi/9.2.1/../../../arm-none-eabi/lib/thumb/v6-m/nofp/libc.a(lib_a-freer.o)
                0x000000001000a5dc                _malloc_trim_r
                0x000000001000a67c                _free_r
 *(.fini)
 .fini          0x000000001000a858        0x4 /usr/lib/gcc/arm-none-eabi/9.2.1/thumb/v6-m/nofp/crti.o
                0x000000001000a858                _fini
 *fill*         0x000000001000a85c        0x4 
 .fini.__stub   0x000000001000a860       0x70 linker stubs
 *crtbegin.o(.ctors)
 *crtbegin?.o(.ctors)
 *(EXCLUDE_FILE(*crtend.o *crtend?.o) .ctors)
 *(SORT_BY_NAME(.ctors.*))
 *(.ctors)
 *crtbegin.o(.dtors)
 *crtbegin?.o(.dtors)
 *(EXCLUDE_FILE(*crtend.o *crtend?.o) .dtors)
 *(SORT_BY_NAME(.dtors.*))
 *(.dtors)
 *(.eh_frame*)
 .eh_frame      0x000000001000a8d0        0x0 /usr/lib/gcc/arm-none-eabi/9.2.1/thumb/v6-m/nofp/crtbegin.o
                0x000000001000a8d0                . = ALIGN (0x4)

.glue_7         0x000000001000a8d0        0x0
 .glue_7        0x000000001000a8d0        0x0 linker stubs

.glue_7t        0x000000001000a8d0        0x0
 .glue_7t       0x000000001000a8d0        0x0 linker stubs

.vfp11_veneer   0x000000001000a8d0        0x0
 .vfp11_veneer  0x000000001000a8d0        0x0 linker stubs

.v4_bx          0x000000001000a8d0        0x0
 .v4_bx         0x000000001000a8d0        0x0 linker stubs

.iplt           0x000000001000a8d0        0x0
 .iplt          0x000000001000a8d0        0x0 /usr/lib/gcc/arm-none-eabi/9.2.1/thumb/v6-m/nofp/crtbegin.o

.rodata         0x000000001000a8d0     0x6970
 *(EXCLUDE_FILE(*libm.a: *libc.a:*lib_a-mem*.o *libgcc.a:) .rodata*)
 .rodata.main.str1.4
                0x000000001000a8d0       0x25 CMakeFiles/main.dir/main.c.obj
 *fill*         0x000000001000a8f5        0x3 
 .rodata.colormap_rainbow
                0x000000001000a8f8      0x200 CMakeFiles/main.dir/main.c.obj
                0x000000001000a8f8                colormap_rainbow
 .rodata.gImage_Logo_F4HTB
                0x000000001000aaf8     0x6400 CMakeFiles/main.dir/main.c.obj
                0x000000001000aaf8                gImage_Logo_F4HTB
 .rodata.spin_lock_claim_unused.str1.4
                0x0000000010010ef8       0x1b CMakeFiles/main.dir/home/ige/pico/pico-sdk/src/rp2_common/hardware_sync/sync.c.obj
 *fill*         0x0000000010010f13        0x1 
 .rodata.hardware_alarm_claim.str1.4
                0x0000000010010f14       0x22 CMakeFiles/main.dir/home/ige/pico/pico-sdk/src/rp2_common/hardware_timer/timer.c.obj
 *fill*         0x0000000010010f36        0x2 
 .rodata.panic.str1.4
                0x0000000010010f38       0x12 CMakeFiles/main.dir/home/ige/pico/pico-sdk/src/rp2_common/pico_runtime/runtime.c.obj
 *fill*         0x0000000010010f4a        0x2 
 .rodata.hard_assertion_failure.str1.4
                0x0000000010010f4c        0xc CMakeFiles/main.dir/home/ige/pico/pico-sdk/src/rp2_common/pico_runtime/runtime.c.obj
 .rodata.__wrap_malloc.str1.4
                0x0000000010010f58        0xe CMakeFiles/main.dir/home/ige/pico/pico-sdk/src/rp2_common/pico_malloc/pico_malloc.c.obj
 *fill*         0x0000000010010f66        0x2 
 .rodata.str1.4
                0x0000000010010f68       0x3c CMakeFiles/main.dir/home/ige/pico/pico-sdk/src/rp2_common/pico_standard_link/binary_info.c.obj
 .rodata.__bi_44
                0x0000000010010fa4        0xc CMakeFiles/main.dir/home/ige/pico/pico-sdk/src/rp2_common/pico_standard_link/binary_info.c.obj
 .rodata.__bi_75
                0x0000000010010fb0        0xc CMakeFiles/main.dir/home/ige/pico/pico-sdk/src/rp2_common/pico_standard_link/binary_info.c.obj
 .rodata.__bi_81
                0x0000000010010fbc        0xc CMakeFiles/main.dir/home/ige/pico/pico-sdk/src/rp2_common/pico_standard_link/binary_info.c.obj
 .rodata.crlf_str.6062
                0x0000000010010fc8        0x2 CMakeFiles/main.dir/home/ige/pico/pico-sdk/src/rp2_common/pico_stdio/stdio.c.obj
 *fill*         0x0000000010010fca        0x2 
 .rodata.str1.4
                0x0000000010010fcc       0x2c CMakeFiles/main.dir/home/ige/pico/pico-sdk/src/rp2_common/pico_stdio_uart/stdio_uart.c.obj
 .rodata.__bi_28.4771
                0x0000000010010ff8        0xc CMakeFiles/main.dir/home/ige/pico/pico-sdk/src/rp2_common/pico_stdio_uart/stdio_uart.c.obj
 .rodata.__bi_29.4775
                0x0000000010011004        0x8 CMakeFiles/main.dir/home/ige/pico/pico-sdk/src/rp2_common/pico_stdio_uart/stdio_uart.c.obj
 .rodata._resetd_driver
                0x000000001001100c       0x18 CMakeFiles/main.dir/home/ige/pico/pico-sdk/src/rp2_common/pico_stdio_usb/reset_interface.c.obj
 .rodata.str1.4
                0x0000000010011024       0x13 CMakeFiles/main.dir/home/ige/pico/pico-sdk/src/rp2_common/pico_stdio_usb/stdio_usb.c.obj
 *fill*         0x0000000010011037        0x1 
 .rodata.__bi_93.7188
                0x0000000010011038        0xc CMakeFiles/main.dir/home/ige/pico/pico-sdk/src/rp2_common/pico_stdio_usb/stdio_usb.c.obj
 .rodata.str1.4
                0x0000000010011044       0x2a CMakeFiles/main.dir/home/ige/pico/pico-sdk/src/rp2_common/pico_stdio_usb/stdio_usb_descriptors.c.obj
 *fill*         0x000000001001106e        0x2 
 .rodata.usbd_desc_cfg
                0x0000000010011070       0x54 CMakeFiles/main.dir/home/ige/pico/pico-sdk/src/rp2_common/pico_stdio_usb/stdio_usb_descriptors.c.obj
 .rodata.usbd_desc_device
                0x00000000100110c4       0x12 CMakeFiles/main.dir/home/ige/pico/pico-sdk/src/rp2_common/pico_stdio_usb/stdio_usb_descriptors.c.obj
 *fill*         0x00000000100110d6        0x2 
 .rodata.usbd_desc_str
                0x00000000100110d8       0x18 CMakeFiles/main.dir/home/ige/pico/pico-sdk/src/rp2_common/pico_stdio_usb/stdio_usb_descriptors.c.obj
 .rodata.dcd_rp2040_irq.str1.4
                0x00000000100110f0       0x14 CMakeFiles/main.dir/home/ige/pico/pico-sdk/lib/tinyusb/src/portable/raspberrypi/rp2040/dcd_rp2040.c.obj
 .rodata._hw_endpoint_buffer_control_update32.part.0.str1.4
                0x0000000010011104       0x1f CMakeFiles/main.dir/home/ige/pico/pico-sdk/lib/tinyusb/src/portable/raspberrypi/rp2040/rp2040_usb.c.obj
 *fill*         0x0000000010011123        0x1 
 .rodata.hw_endpoint_xfer_continue.str1.4
                0x0000000010011124       0x29 CMakeFiles/main.dir/home/ige/pico/pico-sdk/lib/tinyusb/src/portable/raspberrypi/rp2040/rp2040_usb.c.obj
 .rodata.str1.4
                0x000000001001114d       0x29 CMakeFiles/main.dir/home/ige/pico/pico-sdk/lib/tinyusb/src/portable/raspberrypi/rp2040/rp2040_usb.c.obj
                                          0x7 (size before relaxing)
 *fill*         0x000000001001114d        0x3 
 .rodata.tud_task
                0x0000000010011150       0x8c CMakeFiles/main.dir/home/ige/pico/pico-sdk/lib/tinyusb/src/device/usbd.c.obj
 .rodata._usbd_driver
                0x00000000100111dc       0x18 CMakeFiles/main.dir/home/ige/pico/pico-sdk/lib/tinyusb/src/device/usbd.c.obj
 .rodata.dma_claim_unused_channel.str1.4
                0x00000000100111f4       0x1e CMakeFiles/main.dir/home/ige/pico/pico-sdk/src/rp2_common/hardware_dma/dma.c.obj
 *fill*         0x0000000010011212        0x2 
 .rodata.DEV_Module_Init.str1.4
                0x0000000010011214       0x15 lib/Config/libConfig.a(DEV_Config.c.obj)
 *fill*         0x0000000010011229        0x3 
 .rodata.DEV_SET_PWM.str1.4
                0x000000001001122c       0x14 lib/Config/libConfig.a(DEV_Config.c.obj)
                0x0000000010011240                . = ALIGN (0x4)
 *(SORT_BY_ALIGNMENT(SORT_BY_NAME(.flashdata*)))
                0x0000000010011240                . = ALIGN (0x4)

.rel.dyn        0x0000000010011240        0x0
 .rel.iplt      0x0000000010011240        0x0 /usr/lib/gcc/arm-none-eabi/9.2.1/thumb/v6-m/nofp/crtbegin.o

.ARM.extab
 *(.ARM.extab* .gnu.linkonce.armextab.*)
                0x0000000010011240                __exidx_start = .

.ARM.exidx
 *(.ARM.exidx* .gnu.linkonce.armexidx.*)
                0x0000000010011240                __exidx_end = .
                0x0000000010011240                . = ALIGN (0x4)
                0x0000000010011240                __binary_info_start = .

.binary_info    0x0000000010011240       0x28
 *(.binary_info.keep.*)
 .binary_info.keep.__bi_ptr22
                0x0000000010011240        0x4 CMakeFiles/main.dir/home/ige/pico/pico-sdk/src/rp2_common/pico_standard_link/binary_info.c.obj
 .binary_info.keep.__bi_ptr30
                0x0000000010011244        0x4 CMakeFiles/main.dir/home/ige/pico/pico-sdk/src/rp2_common/pico_standard_link/binary_info.c.obj
 .binary_info.keep.__bi_ptr38
                0x0000000010011248        0x4 CMakeFiles/main.dir/home/ige/pico/pico-sdk/src/rp2_common/pico_standard_link/binary_info.c.obj
 .binary_info.keep.__bi_ptr44
                0x000000001001124c        0x4 CMakeFiles/main.dir/home/ige/pico/pico-sdk/src/rp2_common/pico_standard_link/binary_info.c.obj
 .binary_info.keep.__bi_ptr50
                0x0000000010011250        0x4 CMakeFiles/main.dir/home/ige/pico/pico-sdk/src/rp2_common/pico_standard_link/binary_info.c.obj
 .binary_info.keep.__bi_ptr75
                0x0000000010011254        0x4 CMakeFiles/main.dir/home/ige/pico/pico-sdk/src/rp2_common/pico_standard_link/binary_info.c.obj
 .binary_info.keep.__bi_ptr81
                0x0000000010011258        0x4 CMakeFiles/main.dir/home/ige/pico/pico-sdk/src/rp2_common/pico_standard_link/binary_info.c.obj
 *(.binary_info.*)
 .binary_info.__bi_ptr28
                0x000000001001125c        0x4 CMakeFiles/main.dir/home/ige/pico/pico-sdk/src/rp2_common/pico_stdio_uart/stdio_uart.c.obj
 .binary_info.__bi_ptr29
                0x0000000010011260        0x4 CMakeFiles/main.dir/home/ige/pico/pico-sdk/src/rp2_common/pico_stdio_uart/stdio_uart.c.obj
 .binary_info.__bi_ptr93
                0x0000000010011264        0x4 CMakeFiles/main.dir/home/ige/pico/pico-sdk/src/rp2_common/pico_stdio_usb/stdio_usb.c.obj
                0x0000000010011268                __binary_info_end = .
                0x0000000010011268                . = ALIGN (0x4)
                0x0000000010011268                __etext = .

.ram_vector_table
                0x0000000020000000       0xc0
 *(.ram_vector_table)
 .ram_vector_table
                0x0000000020000000       0xc0 CMakeFiles/main.dir/home/ige/pico/pico-sdk/src/rp2_common/pico_runtime/runtime.c.obj
                0x0000000020000000                ram_vector_table

.data           0x00000000200000c0      0xc78 load address 0x0000000010011268
                0x00000000200000c0                __data_start__ = .
 *(vtable)
 *(.time_critical*)
 .time_critical.mutex_enter_blocking
                0x00000000200000c0       0x48 CMakeFiles/main.dir/home/ige/pico/pico-sdk/src/common/pico_sync/mutex.c.obj
                0x00000000200000c0                mutex_enter_blocking
 .time_critical.mutex_try_enter
                0x0000000020000108       0x48 CMakeFiles/main.dir/home/ige/pico/pico-sdk/src/common/pico_sync/mutex.c.obj
                0x0000000020000108                mutex_try_enter
 .time_critical.mutex_enter_timeout_ms
                0x0000000020000150       0x98 CMakeFiles/main.dir/home/ige/pico/pico-sdk/src/common/pico_sync/mutex.c.obj
                0x0000000020000150                mutex_enter_timeout_ms
 .time_critical.mutex_exit
                0x00000000200001e8       0x28 CMakeFiles/main.dir/home/ige/pico/pico-sdk/src/common/pico_sync/mutex.c.obj
                0x00000000200001e8                mutex_exit
 .time_critical.flash_init_boot2_copyout
                0x0000000020000210       0x30 CMakeFiles/main.dir/home/ige/pico/pico-sdk/src/rp2_common/hardware_flash/flash.c.obj
 .time_critical.flash_enable_xip_via_boot2
                0x0000000020000240       0x10 CMakeFiles/main.dir/home/ige/pico/pico-sdk/src/rp2_common/hardware_flash/flash.c.obj
 .time_critical.flash_cs_force
                0x0000000020000250       0x38 CMakeFiles/main.dir/home/ige/pico/pico-sdk/src/rp2_common/hardware_flash/flash.c.obj
 .time_critical.flash_do_cmd
                0x0000000020000288       0xc4 CMakeFiles/main.dir/home/ige/pico/pico-sdk/src/rp2_common/hardware_flash/flash.c.obj
                0x0000000020000288                flash_do_cmd
 .time_critical.spi_write_blocking
                0x000000002000034c       0x4c CMakeFiles/main.dir/home/ige/pico/pico-sdk/src/rp2_common/hardware_spi/spi.c.obj
                0x000000002000034c                spi_write_blocking
 *(.text*)
 .text          0x0000000020000398        0x4 /usr/lib/gcc/arm-none-eabi/9.2.1/thumb/v6-m/nofp/libgcc.a(_dvmd_tls.o)
                0x0000000020000398                __aeabi_ldiv0
                0x0000000020000398                __aeabi_idiv0
 *fill*         0x000000002000039c        0x4 
 .text.__stub   0x00000000200003a0       0x30 linker stubs
                0x00000000200003d0                . = ALIGN (0x4)
 *(.rodata*)
                0x00000000200003d0                . = ALIGN (0x4)
 *(.data*)
 .data.striped_spin_lock_num
                0x00000000200003d0        0x1 CMakeFiles/main.dir/home/ige/pico/pico-sdk/src/rp2_common/hardware_sync/sync.c.obj
 *fill*         0x00000000200003d1        0x3 
 .data.default_alarm_pool
                0x00000000200003d4       0x18 CMakeFiles/main.dir/home/ige/pico/pico-sdk/src/common/pico_time/time.c.obj
 .data.default_alarm_pool_heap
                0x00000000200003ec       0x10 CMakeFiles/main.dir/home/ige/pico/pico-sdk/src/common/pico_time/time.c.obj
 .data          0x00000000200003fc       0x48 CMakeFiles/main.dir/home/ige/pico/pico-sdk/src/rp2_common/hardware_irq/irq_handler_chain.S.obj
                0x00000000200003fc                irq_handler_chain_slots
                0x000000002000042c                irq_handler_chain_first_slot
                0x0000000020000436                irq_handler_chain_remove_tail
 *fill*         0x0000000020000444        0xc 
 .data.aeabi_bits_funcs
                0x0000000020000450       0x10 CMakeFiles/main.dir/home/ige/pico/pico-sdk/src/rp2_common/pico_bit_ops/bit_ops_aeabi.S.obj
                0x0000000020000450                aeabi_bits_funcs
                0x0000000020000460                aeabi_bits_funcs_end
 .data.aeabi_mem_funcs
                0x0000000020000460       0x10 CMakeFiles/main.dir/home/ige/pico/pico-sdk/src/rp2_common/pico_mem_ops/mem_ops_aeabi.S.obj
                0x0000000020000460                aeabi_mem_funcs
                0x0000000020000470                aeabi_mem_funcs_end
 .data.stdio_uart
                0x0000000020000470       0x14 CMakeFiles/main.dir/home/ige/pico/pico-sdk/src/rp2_common/pico_stdio_uart/stdio_uart.c.obj
                0x0000000020000470                stdio_uart
 .data.stdio_usb
                0x0000000020000484       0x14 CMakeFiles/main.dir/home/ige/pico/pico-sdk/src/rp2_common/pico_stdio_usb/stdio_usb.c.obj
                0x0000000020000484                stdio_usb
 .data.ep_dir_string
                0x0000000020000498        0x8 CMakeFiles/main.dir/home/ige/pico/pico-sdk/lib/tinyusb/src/portable/raspberrypi/rp2040/rp2040_usb.c.obj
                0x0000000020000498                ep_dir_string
 .data._usbd_qdef
                0x00000000200004a0       0x24 CMakeFiles/main.dir/home/ige/pico/pico-sdk/lib/tinyusb/src/device/usbd.c.obj
                0x00000000200004a0                _usbd_qdef
 .data.i2c0_inst
                0x00000000200004c4        0x8 CMakeFiles/main.dir/home/ige/pico/pico-sdk/src/rp2_common/hardware_i2c/i2c.c.obj
                0x00000000200004c4                i2c0_inst
 .data.i2c1_inst
                0x00000000200004cc        0x8 CMakeFiles/main.dir/home/ige/pico/pico-sdk/src/rp2_common/hardware_i2c/i2c.c.obj
                0x00000000200004cc                i2c1_inst
 *fill*         0x00000000200004d4        0x4 
 .data          0x00000000200004d8      0x430 /usr/lib/gcc/arm-none-eabi/9.2.1/../../../arm-none-eabi/lib/thumb/v6-m/nofp/libc.a(lib_a-impure.o)
                0x00000000200004d8                _impure_ptr
 .data          0x0000000020000908      0x410 /usr/lib/gcc/arm-none-eabi/9.2.1/../../../arm-none-eabi/lib/thumb/v6-m/nofp/libc.a(lib_a-mallocr.o)
                0x0000000020000908                __malloc_sbrk_base
                0x000000002000090c                __malloc_trim_threshold
                0x0000000020000910                __malloc_av_
                0x0000000020000d18                . = ALIGN (0x4)
 *(.after_data.*)
                0x0000000020000d18                . = ALIGN (0x4)
                0x0000000020000d18                PROVIDE (__mutex_array_start = .)
 *(SORT_BY_NAME(.mutex_array.*))
 *(.mutex_array)
 .mutex_array   0x0000000020000d18        0x8 CMakeFiles/main.dir/home/ige/pico/pico-sdk/src/rp2_common/pico_stdio/stdio.c.obj
                0x0000000020000d20                PROVIDE (__mutex_array_end = .)
                0x0000000020000d20                . = ALIGN (0x4)
                0x0000000020000d20                PROVIDE (__preinit_array_start = .)
 *(SORT_BY_NAME(.preinit_array.*))
 .preinit_array.00001
                0x0000000020000d20        0x4 CMakeFiles/main.dir/home/ige/pico/pico-sdk/src/rp2_common/pico_mem_ops/mem_ops_aeabi.S.obj
 .preinit_array.00010
                0x0000000020000d24        0x4 CMakeFiles/main.dir/home/ige/pico/pico-sdk/src/rp2_common/pico_bit_ops/bit_ops_aeabi.S.obj
 .preinit_array.00020
                0x0000000020000d28        0x4 CMakeFiles/main.dir/home/ige/pico/pico-sdk/src/rp2_common/pico_double/double_aeabi.S.obj
 .preinit_array.00020
                0x0000000020000d2c        0x4 CMakeFiles/main.dir/home/ige/pico/pico-sdk/src/rp2_common/pico_float/float_aeabi.S.obj
 *(.preinit_array)
                0x0000000020000d30                PROVIDE (__preinit_array_end = .)
                0x0000000020000d30                . = ALIGN (0x4)
                0x0000000020000d30                PROVIDE (__init_array_start = .)
 *(SORT_BY_NAME(.init_array.*))
 *(.init_array)
 .init_array    0x0000000020000d30        0x4 /usr/lib/gcc/arm-none-eabi/9.2.1/thumb/v6-m/nofp/crtbegin.o
 .init_array    0x0000000020000d34        0x4 CMakeFiles/main.dir/home/ige/pico/pico-sdk/src/rp2_common/pico_unique_id/unique_id.c.obj
                0x0000000020000d38                PROVIDE (__init_array_end = .)
                0x0000000020000d38                . = ALIGN (0x4)
                0x0000000020000d38                PROVIDE (__fini_array_start = .)
 *(SORT_BY_NAME(.fini_array.*))
 *(.fini_array)
                0x0000000020000d38                PROVIDE (__fini_array_end = .)
 *(.jcr)
                0x0000000020000d38                . = ALIGN (0x4)
                0x0000000020000d38                __data_end__ = .

.tm_clone_table
                0x0000000020000d38        0x0 load address 0x0000000010011ee0
 .tm_clone_table
                0x0000000020000d38        0x0 /usr/lib/gcc/arm-none-eabi/9.2.1/thumb/v6-m/nofp/crtbegin.o
 .tm_clone_table
                0x0000000020000d38        0x0 /usr/lib/gcc/arm-none-eabi/9.2.1/thumb/v6-m/nofp/crtend.o

.igot.plt       0x0000000020000d38        0x0 load address 0x0000000010011ee0
 .igot.plt      0x0000000020000d38        0x0 /usr/lib/gcc/arm-none-eabi/9.2.1/thumb/v6-m/nofp/crtbegin.o

.uninitialized_data
                0x0000000020000d38        0x0 load address 0x0000000010011ee0
                0x0000000020000d38                . = ALIGN (0x4)
 *(.uninitialized_data*)

.scratch_x      0x0000000020040000        0x0 load address 0x0000000010011ee0
                0x0000000020040000                __scratch_x_start__ = .
 *(.scratch_x.*)
                0x0000000020040000                . = ALIGN (0x4)
                0x0000000020040000                __scratch_x_end__ = .
                0x0000000010011ee0                __scratch_x_source__ = LOADADDR (.scratch_x)

.scratch_y      0x0000000020041000        0x0 load address 0x0000000010011ee0
                0x0000000020041000                __scratch_y_start__ = .
 *(.scratch_y.*)
                0x0000000020041000                . = ALIGN (0x4)
                0x0000000020041000                __scratch_y_end__ = .
                0x0000000010011ee0                __scratch_y_source__ = LOADADDR (.scratch_y)

.bss            0x0000000020000d38      0xdf4
                0x0000000020000d38                . = ALIGN (0x4)
                0x0000000020000d38                __bss_start__ = .
 *(SORT_BY_ALIGNMENT(SORT_BY_NAME(.bss*)))
 .bss.default_alarm_pool_entries
                0x0000000020000d38      0x100 CMakeFiles/main.dir/home/ige/pico/pico-sdk/src/common/pico_time/time.c.obj
 .bss.last_avail_time.7167
                0x0000000020000e38        0x8 CMakeFiles/main.dir/home/ige/pico/pico-sdk/src/rp2_common/pico_stdio_usb/stdio_usb.c.obj
 .bss           0x0000000020000e40       0x1c /usr/lib/gcc/arm-none-eabi/9.2.1/thumb/v6-m/nofp/crtbegin.o
 .bss           0x0000000020000e5c       0x34 /usr/lib/gcc/arm-none-eabi/9.2.1/../../../arm-none-eabi/lib/thumb/v6-m/nofp/libc.a(lib_a-mallocr.o)
                0x0000000020000e5c                __malloc_top_pad
                0x0000000020000e60                __malloc_current_mallinfo
                0x0000000020000e88                __malloc_max_sbrked_mem
                0x0000000020000e8c                __malloc_max_total_mem
 .bss._app_driver
                0x0000000020000e90        0x4 CMakeFiles/main.dir/home/ige/pico/pico-sdk/lib/tinyusb/src/device/usbd.c.obj
 .bss._cdcd_itf
                0x0000000020000e94      0x2d8 CMakeFiles/main.dir/home/ige/pico/pico-sdk/lib/tinyusb/src/class/cdc/cdc_device.c.obj
 .bss._ctrl_xfer
                0x000000002000116c       0x14 CMakeFiles/main.dir/home/ige/pico/pico-sdk/lib/tinyusb/src/device/usbd_control.c.obj
 .bss._ubsd_mutexdef
                0x0000000020001180        0x8 CMakeFiles/main.dir/home/ige/pico/pico-sdk/lib/tinyusb/src/device/usbd.c.obj
 .bss._usbd_ctrl_buf
                0x0000000020001188       0x40 CMakeFiles/main.dir/home/ige/pico/pico-sdk/lib/tinyusb/src/device/usbd_control.c.obj
 .bss._usbd_dev
                0x00000000200011c8       0x53 CMakeFiles/main.dir/home/ige/pico/pico-sdk/lib/tinyusb/src/device/usbd.c.obj
 *fill*         0x000000002000121b        0x1 
 .bss._usbd_mutex
                0x000000002000121c        0x4 CMakeFiles/main.dir/home/ige/pico/pico-sdk/lib/tinyusb/src/device/usbd.c.obj
 .bss._usbd_q   0x0000000020001220        0x4 CMakeFiles/main.dir/home/ige/pico/pico-sdk/lib/tinyusb/src/device/usbd.c.obj
 .bss.alarm_callbacks
                0x0000000020001224       0x10 CMakeFiles/main.dir/home/ige/pico/pico-sdk/src/rp2_common/hardware_timer/timer.c.obj
 .bss.boot2_copyout
                0x0000000020001234      0x100 CMakeFiles/main.dir/home/ige/pico/pico-sdk/src/rp2_common/hardware_flash/flash.c.obj
 .bss.claimed   0x0000000020001334        0x4 CMakeFiles/main.dir/home/ige/pico/pico-sdk/src/rp2_common/hardware_sync/sync.c.obj
 .bss.configured_freq
                0x0000000020001338       0x28 CMakeFiles/main.dir/home/ige/pico/pico-sdk/src/rp2_common/hardware_clocks/clocks.c.obj
 .bss.default_alarm_pool_entry_ids_high
                0x0000000020001360       0x10 CMakeFiles/main.dir/home/ige/pico/pico-sdk/src/common/pico_time/time.c.obj
 .bss.default_alarm_pool_heap_nodes
                0x0000000020001370       0x30 CMakeFiles/main.dir/home/ige/pico/pico-sdk/src/common/pico_time/time.c.obj
 .bss.desc_str.7066
                0x00000000200013a0       0x28 CMakeFiles/main.dir/home/ige/pico/pico-sdk/src/rp2_common/pico_stdio_usb/stdio_usb_descriptors.c.obj
 .bss.drivers   0x00000000200013c8        0x4 CMakeFiles/main.dir/home/ige/pico/pico-sdk/src/rp2_common/pico_stdio/stdio.c.obj
 .bss.filter    0x00000000200013cc        0x4 CMakeFiles/main.dir/home/ige/pico/pico-sdk/src/rp2_common/pico_stdio/stdio.c.obj
 .bss.heap_end.5852
                0x00000000200013d0        0x4 CMakeFiles/main.dir/home/ige/pico/pico-sdk/src/rp2_common/pico_runtime/runtime.c.obj
 .bss.hw_endpoints
                0x00000000200013d4      0x400 CMakeFiles/main.dir/home/ige/pico/pico-sdk/lib/tinyusb/src/portable/raspberrypi/rp2040/dcd_rp2040.c.obj
 .bss.lazy_vsnprintf
                0x00000000200017d4        0x4 CMakeFiles/main.dir/home/ige/pico/pico-sdk/src/rp2_common/pico_printf/printf.c.obj
 .bss.load_value
                0x00000000200017d8        0x4 CMakeFiles/main.dir/home/ige/pico/pico-sdk/src/rp2_common/hardware_watchdog/watchdog.c.obj
 .bss.next_buffer_ptr
                0x00000000200017dc        0x4 CMakeFiles/main.dir/home/ige/pico/pico-sdk/lib/tinyusb/src/portable/raspberrypi/rp2040/dcd_rp2040.c.obj
 .bss.pools     0x00000000200017e0       0x10 CMakeFiles/main.dir/home/ige/pico/pico-sdk/src/common/pico_time/time.c.obj
 .bss.retrieved_id
                0x00000000200017f0        0x8 CMakeFiles/main.dir/home/ige/pico/pico-sdk/src/rp2_common/pico_unique_id/unique_id.c.obj
 .bss.sf_clz_func
                0x00000000200017f8        0x4 CMakeFiles/main.dir/home/ige/pico/pico-sdk/src/rp2_common/pico_double/double_init_rom.c.obj
                0x00000000200017f8                sf_clz_func
 .bss.sleep_notifier
                0x00000000200017fc        0x4 CMakeFiles/main.dir/home/ige/pico/pico-sdk/src/common/pico_time/time.c.obj
 .bss.stdio_usb_mutex
                0x0000000020001800        0x8 CMakeFiles/main.dir/home/ige/pico/pico-sdk/src/rp2_common/pico_stdio_usb/stdio_usb.c.obj
 .bss.target_hi
                0x0000000020001808       0x10 CMakeFiles/main.dir/home/ige/pico/pico-sdk/src/rp2_common/hardware_timer/timer.c.obj
 .bss.uart_instance
                0x0000000020001818        0x4 CMakeFiles/main.dir/home/ige/pico/pico-sdk/src/rp2_common/pico_stdio_uart/stdio_uart.c.obj
 .bss.usbd_serial_str
                0x000000002000181c       0x11 CMakeFiles/main.dir/home/ige/pico/pico-sdk/src/rp2_common/pico_stdio_usb/stdio_usb_descriptors.c.obj
 *fill*         0x000000002000182d        0x1 
 .bss._claimed  0x000000002000182e        0x2 CMakeFiles/main.dir/home/ige/pico/pico-sdk/src/rp2_common/hardware_dma/dma.c.obj
 .bss._app_driver_count
                0x0000000020001830        0x1 CMakeFiles/main.dir/home/ige/pico/pico-sdk/lib/tinyusb/src/device/usbd.c.obj
 .bss._usbd_initialized
                0x0000000020001831        0x1 CMakeFiles/main.dir/home/ige/pico/pico-sdk/lib/tinyusb/src/device/usbd.c.obj
 .bss.boot2_copyout_valid
                0x0000000020001832        0x1 CMakeFiles/main.dir/home/ige/pico/pico-sdk/src/rp2_common/hardware_flash/flash.c.obj
 .bss.claimed   0x0000000020001833        0x1 CMakeFiles/main.dir/home/ige/pico/pico-sdk/src/rp2_common/hardware_timer/timer.c.obj
 .bss.irq_hander_chain_free_slot_head
                0x0000000020001834        0x1 CMakeFiles/main.dir/home/ige/pico/pico-sdk/src/rp2_common/hardware_irq/irq.c.obj
 .bss.itf_num   0x0000000020001835        0x1 CMakeFiles/main.dir/home/ige/pico/pico-sdk/src/rp2_common/pico_stdio_usb/reset_interface.c.obj
 .bss.timer_callbacks_pending
                0x0000000020001836        0x1 CMakeFiles/main.dir/home/ige/pico/pico-sdk/src/rp2_common/hardware_timer/timer.c.obj
 *(COMMON)
 *fill*         0x0000000020001837        0x1 
 COMMON         0x0000000020001838        0x8 CMakeFiles/main.dir/main.c.obj
                0x0000000020001838                dma_chan
                0x000000002000183c                cfg
 COMMON         0x0000000020001840        0x4 CMakeFiles/main.dir/home/ige/pico/pico-sdk/src/rp2_common/hardware_uart/uart.c.obj
                0x0000000020001840                uart_char_to_line_feed
 COMMON         0x0000000020001844      0x100 CMakeFiles/main.dir/home/ige/pico/pico-sdk/src/rp2_common/pico_double/double_init_rom.c.obj
                0x0000000020001844                sd_table
 COMMON         0x0000000020001944      0x100 CMakeFiles/main.dir/home/ige/pico/pico-sdk/src/rp2_common/pico_float/float_init_rom.c.obj
                0x0000000020001944                sf_table
 COMMON         0x0000000020001a44       0xc0 CMakeFiles/main.dir/home/ige/pico/pico-sdk/lib/tinyusb/src/device/usbd.c.obj
                0x0000000020001a44                _usbd_qdef_buf
 COMMON         0x0000000020001b04        0x6 lib/LCD/libLCD.a(LCD_0in96.c.obj)
                0x0000000020001b04                LCD_0IN96
 *fill*         0x0000000020001b0a        0x2 
 COMMON         0x0000000020001b0c       0x18 lib/GUI/libGUI.a(GUI_Paint.c.obj)
                0x0000000020001b0c                Paint
 COMMON         0x0000000020001b24        0x4 lib/Config/libConfig.a(DEV_Config.c.obj)
                0x0000000020001b24                slice_num
 COMMON         0x0000000020001b28        0x4 /usr/lib/gcc/arm-none-eabi/9.2.1/../../../arm-none-eabi/lib/thumb/v6-m/nofp/libc.a(lib_a-reent.o)
                0x0000000020001b28                errno
                0x0000000020001b2c                . = ALIGN (0x4)
                0x0000000020001b2c                __bss_end__ = .

.heap           0x0000000020001b2c      0x800
                0x0000000020001b2c                __end__ = .
                0x0000000020001b2c                end = __end__
 *(.heap*)
 .heap          0x0000000020001b2c      0x800 CMakeFiles/main.dir/home/ige/pico/pico-sdk/src/rp2_common/pico_standard_link/crt0.S.obj
                0x000000002000232c                __HeapLimit = .

.stack1_dummy   0x0000000020040000        0x0
 *(.stack1*)

.stack_dummy    0x0000000020041000      0x800
 *(.stack*)
 .stack         0x0000000020041000      0x800 CMakeFiles/main.dir/home/ige/pico/pico-sdk/src/rp2_common/pico_standard_link/crt0.S.obj

.flash_end      0x0000000010011ee0        0x0
                0x0000000010011ee0                __flash_binary_end = .
                0x0000000020040000                __StackLimit = (ORIGIN (RAM) + LENGTH (RAM))
                0x0000000020041000                __StackOneTop = (ORIGIN (SCRATCH_X) + LENGTH (SCRATCH_X))
                0x0000000020042000                __StackTop = (ORIGIN (SCRATCH_Y) + LENGTH (SCRATCH_Y))
                0x0000000020041000                __StackOneBottom = (__StackOneTop - SIZEOF (.stack1_dummy))
                0x0000000020041800                __StackBottom = (__StackTop - SIZEOF (.stack_dummy))
                0x0000000020042000                PROVIDE (__stack = __StackTop)
                0x0000000000000001                ASSERT ((__StackLimit >= __HeapLimit), region RAM overflowed)
                0x0000000000000001                ASSERT (((__binary_info_header_end - __logical_binary_start) <= 0x100), Binary info must be in first 256 bytes of the binary)
LOAD CMakeFiles/main.dir/main.c.obj
LOAD CMakeFiles/main.dir/home/ige/pico/pico-sdk/src/rp2_common/pico_stdlib/stdlib.c.obj
LOAD CMakeFiles/main.dir/home/ige/pico/pico-sdk/src/rp2_common/hardware_gpio/gpio.c.obj
LOAD CMakeFiles/main.dir/home/ige/pico/pico-sdk/src/rp2_common/hardware_claim/claim.c.obj
LOAD CMakeFiles/main.dir/home/ige/pico/pico-sdk/src/rp2_common/pico_platform/platform.c.obj
LOAD CMakeFiles/main.dir/home/ige/pico/pico-sdk/src/rp2_common/hardware_sync/sync.c.obj
LOAD CMakeFiles/main.dir/home/ige/pico/pico-sdk/src/rp2_common/hardware_uart/uart.c.obj
LOAD CMakeFiles/main.dir/home/ige/pico/pico-sdk/src/rp2_common/hardware_divider/divider.S.obj
LOAD CMakeFiles/main.dir/home/ige/pico/pico-sdk/src/common/pico_time/time.c.obj
LOAD CMakeFiles/main.dir/home/ige/pico/pico-sdk/src/common/pico_time/timeout_helper.c.obj
LOAD CMakeFiles/main.dir/home/ige/pico/pico-sdk/src/rp2_common/hardware_timer/timer.c.obj
LOAD CMakeFiles/main.dir/home/ige/pico/pico-sdk/src/common/pico_sync/sem.c.obj
LOAD CMakeFiles/main.dir/home/ige/pico/pico-sdk/src/common/pico_sync/lock_core.c.obj
LOAD CMakeFiles/main.dir/home/ige/pico/pico-sdk/src/common/pico_sync/mutex.c.obj
LOAD CMakeFiles/main.dir/home/ige/pico/pico-sdk/src/common/pico_sync/critical_section.c.obj
LOAD CMakeFiles/main.dir/home/ige/pico/pico-sdk/src/common/pico_util/datetime.c.obj
LOAD CMakeFiles/main.dir/home/ige/pico/pico-sdk/src/common/pico_util/pheap.c.obj
LOAD CMakeFiles/main.dir/home/ige/pico/pico-sdk/src/common/pico_util/queue.c.obj
LOAD CMakeFiles/main.dir/home/ige/pico/pico-sdk/src/rp2_common/pico_runtime/runtime.c.obj
LOAD CMakeFiles/main.dir/home/ige/pico/pico-sdk/src/rp2_common/hardware_clocks/clocks.c.obj
LOAD CMakeFiles/main.dir/home/ige/pico/pico-sdk/src/rp2_common/hardware_irq/irq.c.obj
LOAD CMakeFiles/main.dir/home/ige/pico/pico-sdk/src/rp2_common/hardware_irq/irq_handler_chain.S.obj
LOAD CMakeFiles/main.dir/home/ige/pico/pico-sdk/src/rp2_common/hardware_pll/pll.c.obj
LOAD CMakeFiles/main.dir/home/ige/pico/pico-sdk/src/rp2_common/hardware_vreg/vreg.c.obj
LOAD CMakeFiles/main.dir/home/ige/pico/pico-sdk/src/rp2_common/hardware_watchdog/watchdog.c.obj
LOAD CMakeFiles/main.dir/home/ige/pico/pico-sdk/src/rp2_common/hardware_xosc/xosc.c.obj
LOAD CMakeFiles/main.dir/home/ige/pico/pico-sdk/src/rp2_common/pico_printf/printf.c.obj
LOAD CMakeFiles/main.dir/home/ige/pico/pico-sdk/src/rp2_common/pico_bit_ops/bit_ops_aeabi.S.obj
LOAD CMakeFiles/main.dir/home/ige/pico/pico-sdk/src/rp2_common/pico_bootrom/bootrom.c.obj
LOAD CMakeFiles/main.dir/home/ige/pico/pico-sdk/src/rp2_common/pico_divider/divider.S.obj
LOAD CMakeFiles/main.dir/home/ige/pico/pico-sdk/src/rp2_common/pico_double/double_aeabi.S.obj
LOAD CMakeFiles/main.dir/home/ige/pico/pico-sdk/src/rp2_common/pico_double/double_init_rom.c.obj
LOAD CMakeFiles/main.dir/home/ige/pico/pico-sdk/src/rp2_common/pico_double/double_math.c.obj
LOAD CMakeFiles/main.dir/home/ige/pico/pico-sdk/src/rp2_common/pico_double/double_v1_rom_shim.S.obj
LOAD CMakeFiles/main.dir/home/ige/pico/pico-sdk/src/rp2_common/pico_int64_ops/pico_int64_ops_aeabi.S.obj
LOAD CMakeFiles/main.dir/home/ige/pico/pico-sdk/src/rp2_common/pico_float/float_aeabi.S.obj
LOAD CMakeFiles/main.dir/home/ige/pico/pico-sdk/src/rp2_common/pico_float/float_init_rom.c.obj
LOAD CMakeFiles/main.dir/home/ige/pico/pico-sdk/src/rp2_common/pico_float/float_math.c.obj
LOAD CMakeFiles/main.dir/home/ige/pico/pico-sdk/src/rp2_common/pico_float/float_v1_rom_shim.S.obj
LOAD CMakeFiles/main.dir/home/ige/pico/pico-sdk/src/rp2_common/pico_malloc/pico_malloc.c.obj
LOAD CMakeFiles/main.dir/home/ige/pico/pico-sdk/src/rp2_common/pico_mem_ops/mem_ops_aeabi.S.obj
LOAD CMakeFiles/main.dir/home/ige/pico/pico-sdk/src/rp2_common/pico_standard_link/crt0.S.obj
LOAD CMakeFiles/main.dir/home/ige/pico/pico-sdk/src/rp2_common/pico_standard_link/new_delete.cpp.obj
LOAD CMakeFiles/main.dir/home/ige/pico/pico-sdk/src/rp2_common/pico_standard_link/binary_info.c.obj
LOAD CMakeFiles/main.dir/home/ige/pico/pico-sdk/src/rp2_common/pico_stdio/stdio.c.obj
LOAD CMakeFiles/main.dir/home/ige/pico/pico-sdk/src/rp2_common/pico_stdio_uart/stdio_uart.c.obj
LOAD CMakeFiles/main.dir/home/ige/pico/pico-sdk/src/rp2_common/pico_stdio_usb/reset_interface.c.obj
LOAD CMakeFiles/main.dir/home/ige/pico/pico-sdk/src/rp2_common/pico_stdio_usb/stdio_usb.c.obj
LOAD CMakeFiles/main.dir/home/ige/pico/pico-sdk/src/rp2_common/pico_stdio_usb/stdio_usb_descriptors.c.obj
LOAD CMakeFiles/main.dir/home/ige/pico/pico-sdk/lib/tinyusb/src/portable/raspberrypi/rp2040/dcd_rp2040.c.obj
LOAD CMakeFiles/main.dir/home/ige/pico/pico-sdk/lib/tinyusb/src/portable/raspberrypi/rp2040/rp2040_usb.c.obj
LOAD CMakeFiles/main.dir/home/ige/pico/pico-sdk/lib/tinyusb/src/device/usbd.c.obj
LOAD CMakeFiles/main.dir/home/ige/pico/pico-sdk/lib/tinyusb/src/device/usbd_control.c.obj
LOAD CMakeFiles/main.dir/home/ige/pico/pico-sdk/lib/tinyusb/src/class/audio/audio_device.c.obj
LOAD CMakeFiles/main.dir/home/ige/pico/pico-sdk/lib/tinyusb/src/class/cdc/cdc_device.c.obj
LOAD CMakeFiles/main.dir/home/ige/pico/pico-sdk/lib/tinyusb/src/class/dfu/dfu_device.c.obj
LOAD CMakeFiles/main.dir/home/ige/pico/pico-sdk/lib/tinyusb/src/class/dfu/dfu_rt_device.c.obj
LOAD CMakeFiles/main.dir/home/ige/pico/pico-sdk/lib/tinyusb/src/class/hid/hid_device.c.obj
LOAD CMakeFiles/main.dir/home/ige/pico/pico-sdk/lib/tinyusb/src/class/midi/midi_device.c.obj
LOAD CMakeFiles/main.dir/home/ige/pico/pico-sdk/lib/tinyusb/src/class/msc/msc_device.c.obj
LOAD CMakeFiles/main.dir/home/ige/pico/pico-sdk/lib/tinyusb/src/class/net/ecm_rndis_device.c.obj
LOAD CMakeFiles/main.dir/home/ige/pico/pico-sdk/lib/tinyusb/src/class/net/ncm_device.c.obj
LOAD CMakeFiles/main.dir/home/ige/pico/pico-sdk/lib/tinyusb/src/class/usbtmc/usbtmc_device.c.obj
LOAD CMakeFiles/main.dir/home/ige/pico/pico-sdk/lib/tinyusb/src/class/vendor/vendor_device.c.obj
LOAD CMakeFiles/main.dir/home/ige/pico/pico-sdk/lib/tinyusb/src/class/video/video_device.c.obj
LOAD CMakeFiles/main.dir/home/ige/pico/pico-sdk/lib/tinyusb/src/tusb.c.obj
LOAD CMakeFiles/main.dir/home/ige/pico/pico-sdk/lib/tinyusb/src/common/tusb_fifo.c.obj
LOAD CMakeFiles/main.dir/home/ige/pico/pico-sdk/src/rp2_common/pico_fix/rp2040_usb_device_enumeration/rp2040_usb_device_enumeration.c.obj
LOAD CMakeFiles/main.dir/home/ige/pico/pico-sdk/src/rp2_common/pico_unique_id/unique_id.c.obj
LOAD CMakeFiles/main.dir/home/ige/pico/pico-sdk/src/rp2_common/hardware_flash/flash.c.obj